<html>
<body>
<pre>
<h1>礦ision Build Log</h1>
<h2>Tool Versions:</h2>
IDE-Version: μVision V5.14.0.0
Copyright (C) 2015 ARM Ltd and ARM Germany GmbH. All rights reserved.
License Information: 4524 zmk, 5364, LIC=TA3WF-635EU-SEFH0-BJ9V7-ZFP8W-SJI25
 
Tool Versions:
Toolchain:       MDK-ARM Professional  Version: 5.14.0.0
Toolchain Path:  D:\MDK5\ARM\ARMCC\Bin
C Compiler:      Armcc.exe V5.05 update 1 (build 106)
Assembler:       Armasm.exe V5.05 update 1 (build 106)
Linker/Locator:  ArmLink.exe V5.05 update 1 (build 106)
Library Manager: ArmAr.exe V5.05 update 1 (build 106)
Hex Converter:   FromElf.exe V5.05 update 1 (build 106)
CPU DLL:         SARMCM3.DLL V5.14.0.0
Dialog DLL:      DCM.DLL V1.13.1.0
Target DLL:      STLink\ST-LINKIII-KEIL_SWO.dll V2.0.14.0_KEIL
Dialog DLL:      TCM.DLL V1.14.4.0
 
<h2>Project:</h2>
C:\Users\dell\Desktop\任务\LoRa组网发文件（官学长）\11 广播传递代码\接收方\0 STM32L151_代码\Project\STM32L1_Project.uvprojx
Project File Date:  09/27/2020

<h2>Output:</h2>
Build target 'UART'
compiling main.c...
..\Driver\key\key.h(17): warning:  #1295-D: Deprecated declaration KEY - give arg types
  u8 KEY();
..\main\main.c(23): warning:  #550-D: variable "speed" was set but never used
        float longitude,latitude,altitude,speed;
..\main\main.c(45): warning:  #550-D: variable "lora_speed" was set but never used
        float lora_longitude,lora_latitude,lora_altitude,lora_speed;
..\main\main.c(78): warning:  #167-D: argument of type "char *" is incompatible with parameter of type "uint8_t *"
        USART2_OUT(USART2,buff2,sizeof(buff2));
..\main\main.c(83): warning:  #177-D: variable "key" was declared but never referenced
        u8 key;
..\main\main.c(84): warning:  #177-D: variable "len2" was declared but never referenced
        u8 len1,len3,len2,i;
..\main\main.c(85): warning:  #177-D: variable "read_register" was declared but never referenced
        u8 read_register[]={0xc1,0x00,0x07};
..\main\main.c(86): warning:  #177-D: variable "open_relay" was declared but never referenced
        u8 open_relay[]={0xc0,0x06,0x01,0x23};
..\main\main.c(87): warning:  #177-D: variable "close_relay" was declared but never referenced
        u8 close_relay[]={0xc0,0x06,0x01,0x03};
..\main\main.c(89): warning:  #177-D: variable "configure_Init" was declared but never referenced
        u8 configure_Init[]={0xc0,    //读取寄存器指令
..\main\main.c: 10 warnings, 0 errors
linking...
Program Size: Code=16324 RO-data=7988 RW-data=72 ZI-data=7904  
FromELF: creating hex file...
"..\Output\STM32L1_Project.axf" - 0 Error(s), 10 Warning(s).

<h2>Collection of Component include folders:</h2>
  C:\Users\dell\Desktop\任务\LoRa组网发文件（官学长）\11 广播传递代码\接收方\0 STM32L151_代码\Project\RTE
  D:\MDK5\Keil\STM32L1xx_DFP\1.2.0

<h2>Collection of Component Files used:</h2>
</pre>
</body>
</html>
