Component: ARM Compiler 5.05 update 1 (build 106) Tool: armlink [4d0efa]

==============================================================================

Section Cross References

    startup_stm32l1xx_md.o(RESET) refers to startup_stm32l1xx_md.o(STACK) for __initial_sp
    startup_stm32l1xx_md.o(RESET) refers to startup_stm32l1xx_md.o(.text) for Reset_Handler
    startup_stm32l1xx_md.o(RESET) refers to stm32l1xx_it.o(.text) for NMI_Handler
    startup_stm32l1xx_md.o(RESET) refers to timer.o(.text) for TIM4_IRQHandler
    startup_stm32l1xx_md.o(RESET) refers to usart1.o(.text) for USART1_IRQHandler
    startup_stm32l1xx_md.o(RESET) refers to usart2.o(.text) for USART2_IRQHandler
    startup_stm32l1xx_md.o(RESET) refers to usart3.o(.text) for USART3_IRQHandler
    startup_stm32l1xx_md.o(.text) refers to system_stm32l1xx.o(.text) for SystemInit
    startup_stm32l1xx_md.o(.text) refers to entry.o(.ARM.Collect$$$$00000000) for __main
    stm32l1xx_adc.o(.text) refers to stm32l1xx_rcc.o(.text) for RCC_APB2PeriphResetCmd
    stm32l1xx_aes.o(.text) refers to stm32l1xx_rcc.o(.text) for RCC_AHBPeriphResetCmd
    stm32l1xx_aes_util.o(.text) refers to stm32l1xx_aes.o(.text) for AES_KeyInit
    stm32l1xx_dac.o(.text) refers to stm32l1xx_rcc.o(.text) for RCC_APB1PeriphResetCmd
    stm32l1xx_gpio.o(.text) refers to stm32l1xx_rcc.o(.text) for RCC_AHBPeriphResetCmd
    stm32l1xx_i2c.o(.text) refers to stm32l1xx_rcc.o(.text) for RCC_APB1PeriphResetCmd
    stm32l1xx_lcd.o(.text) refers to stm32l1xx_rcc.o(.text) for RCC_APB1PeriphResetCmd
    stm32l1xx_pwr.o(.text) refers to stm32l1xx_rcc.o(.text) for RCC_APB1PeriphResetCmd
    stm32l1xx_rcc.o(.text) refers to stm32l1xx_rcc.o(.data) for PLLMulTable
    stm32l1xx_sdio.o(.text) refers to stm32l1xx_rcc.o(.text) for RCC_APB2PeriphResetCmd
    stm32l1xx_spi.o(.text) refers to stm32l1xx_rcc.o(.text) for RCC_APB2PeriphResetCmd
    stm32l1xx_syscfg.o(.text) refers to stm32l1xx_rcc.o(.text) for RCC_APB2PeriphResetCmd
    stm32l1xx_tim.o(.text) refers to stm32l1xx_rcc.o(.text) for RCC_APB1PeriphResetCmd
    stm32l1xx_usart.o(.text) refers to stm32l1xx_rcc.o(.text) for RCC_APB2PeriphResetCmd
    stm32l1xx_wwdg.o(.text) refers to stm32l1xx_rcc.o(.text) for RCC_APB1PeriphResetCmd
    main.o(.text) refers to oled.o(.text) for OLED_ShowString
    main.o(.text) refers to ffltui.o(.text) for __aeabi_ui2f
    main.o(.text) refers to fflti.o(.text) for __aeabi_i2f
    main.o(.text) refers to f2d.o(.text) for __aeabi_f2d
    main.o(.text) refers to printfa.o(i.__0sprintf) for __2sprintf
    main.o(.text) refers to usart2.o(.text) for USART2_OUT
    main.o(.text) refers to bsp.o(.text) for bsp_init
    main.o(.text) refers to lora.o(.text) for E32_MODE_Control
    main.o(.text) refers to delay.o(.text) for delay_ms
    main.o(.text) refers to usart3.o(.text) for USART3_OUT
    main.o(.text) refers to key.o(.text) for KEY
    main.o(.text) refers to led.o(.text) for LED
    main.o(.text) refers to usart1.o(.text) for USART1_OUT
    main.o(.text) refers to main.o(.bss) for gpsx
    main.o(.text) refers to main.o(.conststring) for .conststring
    main.o(.text) refers to usart1.o(.data) for USART1_RX_STA
    main.o(.text) refers to usart1.o(.bss) for USART1_RX_BUF
    main.o(.text) refers to usart3.o(.data) for USART3_RX_STA
    main.o(.text) refers to usart3.o(.bss) for USART3_RX_BUF
    main.o(.text) refers to lora.o(.bss) for LORA_RecData
    system_stm32l1xx.o(.text) refers to system_stm32l1xx.o(.data) for SystemCoreClock
    stm32l1xx_it.o(.text) refers to stm32l1xx_tim.o(.text) for TIM_GetITStatus
    stm32l1xx_it.o(.text) refers to stm32l1xx_it.o(.data) for flag
    delay.o(.text) refers to delay.o(.data) for fac_us
    sys.o(.text) refers to sys.o(.emb_text) for WFI_SET
    led.o(.text) refers to stm32l1xx_rcc.o(.text) for RCC_AHBPeriphClockCmd
    led.o(.text) refers to stm32l1xx_gpio.o(.text) for GPIO_Init
    led.o(.text) refers to delay.o(.text) for delay_ms
    bsp.o(.text) refers to delay.o(.text) for delay_init
    bsp.o(.text) refers to misc.o(.text) for NVIC_PriorityGroupConfig
    bsp.o(.text) refers to led.o(.text) for LED_Init
    bsp.o(.text) refers to key.o(.text) for KEY_Init
    bsp.o(.text) refers to lora.o(.text) for Lora_Init
    bsp.o(.text) refers to usart1.o(.text) for USART1_Configuration
    bsp.o(.text) refers to usart3.o(.text) for USART3_Configuration
    usart1.o(.text) refers to stm32l1xx_usart.o(.text) for USART_SendData
    usart1.o(.text) refers to stm32l1xx_rcc.o(.text) for RCC_APB2PeriphClockCmd
    usart1.o(.text) refers to stm32l1xx_gpio.o(.text) for GPIO_PinAFConfig
    usart1.o(.text) refers to misc.o(.text) for NVIC_Init
    usart1.o(.text) refers to timer.o(.text) for TIM7_Int_Init
    usart1.o(.text) refers to stm32l1xx_tim.o(.text) for TIM_Cmd
    usart1.o(.text) refers to printfa.o(i.__0vsprintf) for __c89vsprintf
    usart1.o(.text) refers to strlen.o(.text) for strlen
    usart1.o(.text) refers to usart1.o(.data) for USART1_RX_STA
[...]
    printf2.o(i.__0vsprintf$2) refers to printf2.o(i._sputc) for _sputc
    printf3.o(i.__0fprintf$3) refers to printf3.o(i._printf_core) for _printf_core
    printf3.o(i.__0fprintf$3) refers to usart3.o(.text) for fputc
    printf3.o(i.__0printf$3) refers to printf3.o(i._printf_core) for _printf_core
    printf3.o(i.__0printf$3) refers to usart3.o(.text) for fputc
    printf3.o(i.__0printf$3) refers to stdout.o(.data) for __stdout
    printf3.o(i.__0snprintf$3) refers to printf3.o(i._printf_core) for _printf_core
    printf3.o(i.__0snprintf$3) refers to printf3.o(i._snputc) for _snputc
    printf3.o(i.__0sprintf$3) refers to printf3.o(i._printf_core) for _printf_core
    printf3.o(i.__0sprintf$3) refers to printf3.o(i._sputc) for _sputc
    printf3.o(i.__0vfprintf$3) refers to printf3.o(i._printf_core) for _printf_core
    printf3.o(i.__0vfprintf$3) refers to usart3.o(.text) for fputc
    printf3.o(i.__0vprintf$3) refers to printf3.o(i._printf_core) for _printf_core
    printf3.o(i.__0vprintf$3) refers to usart3.o(.text) for fputc
    printf3.o(i.__0vprintf$3) refers to stdout.o(.data) for __stdout
    printf3.o(i.__0vsnprintf$3) refers to printf3.o(i._printf_core) for _printf_core
    printf3.o(i.__0vsnprintf$3) refers to printf3.o(i._snputc) for _snputc
    printf3.o(i.__0vsprintf$3) refers to printf3.o(i._printf_core) for _printf_core
    printf3.o(i.__0vsprintf$3) refers to printf3.o(i._sputc) for _sputc
    printf3.o(i._printf_core) refers to uidiv.o(.text) for __aeabi_uidivmod
    printf4.o(i.__0fprintf$4) refers to printf4.o(i._printf_core) for _printf_core
    printf4.o(i.__0fprintf$4) refers to usart3.o(.text) for fputc
    printf4.o(i.__0printf$4) refers to printf4.o(i._printf_core) for _printf_core
    printf4.o(i.__0printf$4) refers to usart3.o(.text) for fputc
    printf4.o(i.__0printf$4) refers to stdout.o(.data) for __stdout
    printf4.o(i.__0snprintf$4) refers to printf4.o(i._printf_core) for _printf_core
    printf4.o(i.__0snprintf$4) refers to printf4.o(i._snputc) for _snputc
    printf4.o(i.__0sprintf$4) refers to printf4.o(i._printf_core) for _printf_core
    printf4.o(i.__0sprintf$4) refers to printf4.o(i._sputc) for _sputc
    printf4.o(i.__0vfprintf$4) refers to printf4.o(i._printf_core) for _printf_core
    printf4.o(i.__0vfprintf$4) refers to usart3.o(.text) for fputc
    printf4.o(i.__0vprintf$4) refers to printf4.o(i._printf_core) for _printf_core
    printf4.o(i.__0vprintf$4) refers to usart3.o(.text) for fputc
    printf4.o(i.__0vprintf$4) refers to stdout.o(.data) for __stdout
    printf4.o(i.__0vsnprintf$4) refers to printf4.o(i._printf_core) for _printf_core
    printf4.o(i.__0vsnprintf$4) refers to printf4.o(i._snputc) for _snputc
    printf4.o(i.__0vsprintf$4) refers to printf4.o(i._printf_core) for _printf_core
    printf4.o(i.__0vsprintf$4) refers to printf4.o(i._sputc) for _sputc
    printf4.o(i._printf_core) refers to uldiv.o(.text) for __aeabi_uldivmod
    printf5.o(i.__0fprintf$5) refers to printf5.o(i._printf_core) for _printf_core
    printf5.o(i.__0fprintf$5) refers to usart3.o(.text) for fputc
    printf5.o(i.__0printf$5) refers to printf5.o(i._printf_core) for _printf_core
    printf5.o(i.__0printf$5) refers to usart3.o(.text) for fputc
    printf5.o(i.__0printf$5) refers to stdout.o(.data) for __stdout
    printf5.o(i.__0snprintf$5) refers to printf5.o(i._printf_core) for _printf_core
    printf5.o(i.__0snprintf$5) refers to printf5.o(i._snputc) for _snputc
    printf5.o(i.__0sprintf$5) refers to printf5.o(i._printf_core) for _printf_core
    printf5.o(i.__0sprintf$5) refers to printf5.o(i._sputc) for _sputc
    printf5.o(i.__0vfprintf$5) refers to printf5.o(i._printf_core) for _printf_core
    printf5.o(i.__0vfprintf$5) refers to usart3.o(.text) for fputc
    printf5.o(i.__0vprintf$5) refers to printf5.o(i._printf_core) for _printf_core
    printf5.o(i.__0vprintf$5) refers to usart3.o(.text) for fputc
    printf5.o(i.__0vprintf$5) refers to stdout.o(.data) for __stdout
    printf5.o(i.__0vsnprintf$5) refers to printf5.o(i._printf_core) for _printf_core
    printf5.o(i.__0vsnprintf$5) refers to printf5.o(i._snputc) for _snputc
    printf5.o(i.__0vsprintf$5) refers to printf5.o(i._printf_core) for _printf_core
    printf5.o(i.__0vsprintf$5) refers to printf5.o(i._sputc) for _sputc
    printf5.o(i._printf_core) refers to uldiv.o(.text) for __aeabi_uldivmod
    printf6.o(i.__0fprintf$6) refers to printf6.o(i._printf_core) for _printf_core
    printf6.o(i.__0fprintf$6) refers to usart3.o(.text) for fputc
    printf6.o(i.__0printf$6) refers to printf6.o(i._printf_core) for _printf_core
    printf6.o(i.__0printf$6) refers to usart3.o(.text) for fputc
    printf6.o(i.__0printf$6) refers to stdout.o(.data) for __stdout
    printf6.o(i.__0snprintf$6) refers to printf6.o(i._printf_core) for _printf_core
    printf6.o(i.__0snprintf$6) refers to printf6.o(i._snputc) for _snputc
    printf6.o(i.__0sprintf$6) refers to printf6.o(i._printf_core) for _printf_core
    printf6.o(i.__0sprintf$6) refers to printf6.o(i._sputc) for _sputc
    printf6.o(i.__0vfprintf$6) refers to printf6.o(i._printf_core) for _printf_core
    printf6.o(i.__0vfprintf$6) refers to usart3.o(.text) for fputc
    printf6.o(i.__0vprintf$6) refers to printf6.o(i._printf_core) for _printf_core
    printf6.o(i.__0vprintf$6) refers to usart3.o(.text) for fputc
    printf6.o(i.__0vprintf$6) refers to stdout.o(.data) for __stdout
    printf6.o(i.__0vsnprintf$6) refers to printf6.o(i._printf_core) for _printf_core
    printf6.o(i.__0vsnprintf$6) refers to printf6.o(i._snputc) for _snputc
    printf6.o(i.__0vsprintf$6) refers to printf6.o(i._printf_core) for _printf_core
    printf6.o(i.__0vsprintf$6) refers to printf6.o(i._sputc) for _sputc
    printf6.o(i._printf_core) refers to printf6.o(i._printf_pre_padding) for _printf_pre_padding
    printf6.o(i._printf_core) refers to uidiv.o(.text) for __aeabi_uidivmod
    printf6.o(i._printf_core) refers to printf6.o(i._printf_post_padding) for _printf_post_padding
    printf7.o(i.__0fprintf$7) refers to printf7.o(i._printf_core) for _printf_core
    printf7.o(i.__0fprintf$7) refers to usart3.o(.text) for fputc
    printf7.o(i.__0printf$7) refers to printf7.o(i._printf_core) for _printf_core
    printf7.o(i.__0printf$7) refers to usart3.o(.text) for fputc
    printf7.o(i.__0printf$7) refers to stdout.o(.data) for __stdout
    printf7.o(i.__0snprintf$7) refers to printf7.o(i._printf_core) for _printf_core
    printf7.o(i.__0snprintf$7) refers to printf7.o(i._snputc) for _snputc
    printf7.o(i.__0sprintf$7) refers to printf7.o(i._printf_core) for _printf_core
    printf7.o(i.__0sprintf$7) refers to printf7.o(i._sputc) for _sputc
    printf7.o(i.__0vfprintf$7) refers to printf7.o(i._printf_core) for _printf_core
    printf7.o(i.__0vfprintf$7) refers to usart3.o(.text) for fputc
    printf7.o(i.__0vprintf$7) refers to printf7.o(i._printf_core) for _printf_core
    printf7.o(i.__0vprintf$7) refers to usart3.o(.text) for fputc
    printf7.o(i.__0vprintf$7) refers to stdout.o(.data) for __stdout
    printf7.o(i.__0vsnprintf$7) refers to printf7.o(i._printf_core) for _printf_core
    printf7.o(i.__0vsnprintf$7) refers to printf7.o(i._snputc) for _snputc
    printf7.o(i.__0vsprintf$7) refers to printf7.o(i._printf_core) for _printf_core
    printf7.o(i.__0vsprintf$7) refers to printf7.o(i._sputc) for _sputc
    printf7.o(i._printf_core) refers to printf7.o(i._printf_pre_padding) for _printf_pre_padding
    printf7.o(i._printf_core) refers to uldiv.o(.text) for __aeabi_uldivmod
    printf7.o(i._printf_core) refers to printf7.o(i._printf_post_padding) for _printf_post_padding
    printf8.o(i.__0fprintf$8) refers to printf8.o(i._printf_core) for _printf_core
    printf8.o(i.__0fprintf$8) refers to usart3.o(.text) for fputc
    printf8.o(i.__0printf$8) refers to printf8.o(i._printf_core) for _printf_core
    printf8.o(i.__0printf$8) refers to usart3.o(.text) for fputc
    printf8.o(i.__0printf$8) refers to stdout.o(.data) for __stdout
    printf8.o(i.__0snprintf$8) refers to printf8.o(i._printf_core) for _printf_core
    printf8.o(i.__0snprintf$8) refers to printf8.o(i._snputc) for _snputc
    printf8.o(i.__0sprintf$8) refers to printf8.o(i._printf_core) for _printf_core
    printf8.o(i.__0sprintf$8) refers to printf8.o(i._sputc) for _sputc
    printf8.o(i.__0vfprintf$8) refers to printf8.o(i._printf_core) for _printf_core
    printf8.o(i.__0vfprintf$8) refers to usart3.o(.text) for fputc
    printf8.o(i.__0vprintf$8) refers to printf8.o(i._printf_core) for _printf_core
    printf8.o(i.__0vprintf$8) refers to usart3.o(.text) for fputc
    printf8.o(i.__0vprintf$8) refers to stdout.o(.data) for __stdout
    printf8.o(i.__0vsnprintf$8) refers to printf8.o(i._printf_core) for _printf_core
    printf8.o(i.__0vsnprintf$8) refers to printf8.o(i._snputc) for _snputc
    printf8.o(i.__0vsprintf$8) refers to printf8.o(i._printf_core) for _printf_core
    printf8.o(i.__0vsprintf$8) refers to printf8.o(i._sputc) for _sputc
    printf8.o(i._printf_core) refers to printf8.o(i._printf_pre_padding) for _printf_pre_padding
    printf8.o(i._printf_core) refers to uldiv.o(.text) for __aeabi_uldivmod
    printf8.o(i._printf_core) refers to printf8.o(i._printf_post_padding) for _printf_post_padding
    printfa.o(i.__0fprintf) refers (Special) to iusefp.o(.text) for __I$use$fp
    printfa.o(i.__0fprintf) refers to printfa.o(i._printf_core) for _printf_core
    printfa.o(i.__0fprintf) refers to usart3.o(.text) for fputc
    printfa.o(i.__0printf) refers (Special) to iusefp.o(.text) for __I$use$fp
    printfa.o(i.__0printf) refers to printfa.o(i._printf_core) for _printf_core
    printfa.o(i.__0printf) refers to usart3.o(.text) for fputc
    printfa.o(i.__0printf) refers to stdout.o(.data) for __stdout
    printfa.o(i.__0snprintf) refers (Special) to iusefp.o(.text) for __I$use$fp
    printfa.o(i.__0snprintf) refers to printfa.o(i._printf_core) for _printf_core
    printfa.o(i.__0snprintf) refers to printfa.o(i._snputc) for _snputc
    printfa.o(i.__0sprintf) refers (Special) to iusefp.o(.text) for __I$use$fp
    printfa.o(i.__0sprintf) refers to printfa.o(i._printf_core) for _printf_core
    printfa.o(i.__0sprintf) refers to printfa.o(i._sputc) for _sputc
    printfa.o(i.__0vfprintf) refers (Special) to iusefp.o(.text) for __I$use$fp
    printfa.o(i.__0vfprintf) refers to printfa.o(i._printf_core) for _printf_core
    printfa.o(i.__0vfprintf) refers to usart3.o(.text) for fputc
    printfa.o(i.__0vprintf) refers (Special) to iusefp.o(.text) for __I$use$fp
    printfa.o(i.__0vprintf) refers to printfa.o(i._printf_core) for _printf_core
    printfa.o(i.__0vprintf) refers to usart3.o(.text) for fputc
    printfa.o(i.__0vprintf) refers to stdout.o(.data) for __stdout
    printfa.o(i.__0vsnprintf) refers (Special) to iusefp.o(.text) for __I$use$fp
    printfa.o(i.__0vsnprintf) refers to printfa.o(i._printf_core) for _printf_core
    printfa.o(i.__0vsnprintf) refers to printfa.o(i._snputc) for _snputc
    printfa.o(i.__0vsprintf) refers (Special) to iusefp.o(.text) for __I$use$fp
    printfa.o(i.__0vsprintf) refers to printfa.o(i._printf_core) for _printf_core
    printfa.o(i.__0vsprintf) refers to printfa.o(i._sputc) for _sputc
    printfa.o(i._fp_digits) refers (Special) to iusefp.o(.text) for __I$use$fp
    printfa.o(i._fp_digits) refers to dmul.o(.text) for __aeabi_dmul
    printfa.o(i._fp_digits) refers to ddiv.o(.text) for __aeabi_ddiv
    printfa.o(i._fp_digits) refers to cdrcmple.o(.text) for __aeabi_cdrcmple
    printfa.o(i._fp_digits) refers to dadd.o(.text) for __aeabi_dadd
    printfa.o(i._fp_digits) refers to dfixul.o(.text) for __aeabi_d2ulz
    printfa.o(i._fp_digits) refers to uldiv.o(.text) for __aeabi_uldivmod
    printfa.o(i._printf_core) refers (Special) to iusefp.o(.text) for __I$use$fp
    printfa.o(i._printf_core) refers to printfa.o(i._printf_pre_padding) for _printf_pre_padding
    printfa.o(i._printf_core) refers to uldiv.o(.text) for __aeabi_uldivmod
    printfa.o(i._printf_core) refers to printfa.o(i._printf_post_padding) for _printf_post_padding
    printfa.o(i._printf_core) refers to printfa.o(i._fp_digits) for _fp_digits
    printfa.o(i._printf_core) refers to uidiv.o(.text) for __aeabi_uidivmod
    printfa.o(i._printf_post_padding) refers (Special) to iusefp.o(.text) for __I$use$fp
    printfa.o(i._printf_pre_padding) refers (Special) to iusefp.o(.text) for __I$use$fp
    printfa.o(i._snputc) refers (Special) to iusefp.o(.text) for __I$use$fp
    printfa.o(i._sputc) refers (Special) to iusefp.o(.text) for __I$use$fp
    fadd.o(.text) refers (Special) to iusefp.o(.text) for __I$use$fp
    fadd.o(.text) refers to fepilogue.o(.text) for _float_epilogue
    fmul.o(.text) refers (Special) to iusefp.o(.text) for __I$use$fp
    fdiv.o(.text) refers (Special) to iusefp.o(.text) for __I$use$fp
    fdiv.o(.text) refers to fepilogue.o(.text) for _float_round
    fflti.o(.text) refers (Special) to iusefp.o(.text) for __I$use$fp
    fflti.o(.text) refers to fepilogue.o(.text) for _float_epilogue
    ffltui.o(.text) refers (Special) to iusefp.o(.text) for __I$use$fp
    ffltui.o(.text) refers to fepilogue.o(.text) for _float_epilogue
    ffixui.o(.text) refers (Special) to iusefp.o(.text) for __I$use$fp
    f2d.o(.text) refers (Special) to iusefp.o(.text) for __I$use$fp
    entry2.o(.ARM.Collect$$$$00000001) refers to entry2.o(.ARM.Collect$$$$00002712) for __lit__00000000
    entry2.o(.ARM.Collect$$$$00002712) refers to startup_stm32l1xx_md.o(STACK) for __initial_sp
    entry2.o(__vectab_stack_and_reset_area) refers to startup_stm32l1xx_md.o(STACK) for __initial_sp
    entry2.o(__vectab_stack_and_reset_area) refers to entry.o(.ARM.Collect$$$$00000000) for __main
    entry5.o(.ARM.Collect$$$$00000004) refers to init.o(.text) for __scatterload
    entry9a.o(.ARM.Collect$$$$0000000B) refers to main.o(.text) for main
    entry9b.o(.ARM.Collect$$$$0000000C) refers to main.o(.text) for main
    uldiv.o(.text) refers to llushr.o(.text) for __aeabi_llsr
    uldiv.o(.text) refers to llshl.o(.text) for __aeabi_llsl
    dadd.o(.text) refers to llshl.o(.text) for __aeabi_llsl
    dadd.o(.text) refers to llsshr.o(.text) for __aeabi_lasr
    dadd.o(.text) refers to depilogue.o(.text) for _double_epilogue
    dmul.o(.text) refers to depilogue.o(.text) for _double_epilogue
    ddiv.o(.text) refers to depilogue.o(.text) for _double_round
    dfixul.o(.text) refers to llushr.o(.text) for __aeabi_llsr
    dfixul.o(.text) refers to llshl.o(.text) for __aeabi_llsl
    init.o(.text) refers to entry5.o(.ARM.Collect$$$$00000004) for __main_after_scatterload
    depilogue.o(.text) refers to llshl.o(.text) for __aeabi_llsl
    depilogue.o(.text) refers to llushr.o(.text) for __aeabi_llsr


==============================================================================

Removing Unused input sections from the image.

    Removing startup_stm32l1xx_md.o(HEAP), (512 bytes).
    Removing misc.o(.emb_text), (8 bytes).
    Removing stm32l1xx_adc.o(.emb_text), (8 bytes).
    Removing stm32l1xx_adc.o(.text), (1332 bytes).
    Removing stm32l1xx_aes.o(.emb_text), (8 bytes).
    Removing stm32l1xx_aes.o(.text), (416 bytes).
    Removing stm32l1xx_aes_util.o(.emb_text), (8 bytes).
    Removing stm32l1xx_aes_util.o(.text), (1618 bytes).
    Removing stm32l1xx_comp.o(.emb_text), (8 bytes).
    Removing stm32l1xx_comp.o(.text), (208 bytes).
    Removing stm32l1xx_crc.o(.emb_text), (8 bytes).
    Removing stm32l1xx_crc.o(.text), (72 bytes).
    Removing stm32l1xx_dac.o(.emb_text), (8 bytes).
    Removing stm32l1xx_dac.o(.text), (528 bytes).
    Removing stm32l1xx_dbgmcu.o(.emb_text), (8 bytes).
    Removing stm32l1xx_dbgmcu.o(.text), (100 bytes).
    Removing stm32l1xx_dma.o(.emb_text), (8 bytes).
    Removing stm32l1xx_dma.o(.text), (596 bytes).
    Removing stm32l1xx_exti.o(.emb_text), (8 bytes).
    Removing stm32l1xx_exti.o(.text), (280 bytes).
    Removing stm32l1xx_flash.o(.emb_text), (8 bytes).
    Removing stm32l1xx_flash.o(.text), (1724 bytes).
    Removing stm32l1xx_fsmc.o(.emb_text), (8 bytes).
    Removing stm32l1xx_fsmc.o(.text), (444 bytes).
    Removing stm32l1xx_gpio.o(.emb_text), (8 bytes).
    Removing stm32l1xx_i2c.o(.emb_text), (8 bytes).
    Removing stm32l1xx_i2c.o(.text), (1024 bytes).
    Removing stm32l1xx_iwdg.o(.emb_text), (8 bytes).
    Removing stm32l1xx_iwdg.o(.text), (64 bytes).
    Removing stm32l1xx_lcd.o(.emb_text), (8 bytes).
    Removing stm32l1xx_lcd.o(.text), (408 bytes).
    Removing stm32l1xx_opamp.o(.emb_text), (8 bytes).
    Removing stm32l1xx_opamp.o(.text), (468 bytes).
    Removing stm32l1xx_pwr.o(.emb_text), (8 bytes).
    Removing stm32l1xx_pwr.o(.text), (344 bytes).
    Removing stm32l1xx_rcc.o(.emb_text), (8 bytes).
    Removing stm32l1xx_rtc.o(.emb_text), (8 bytes).
    Removing stm32l1xx_rtc.o(.text), (3392 bytes).
    Removing stm32l1xx_sdio.o(.emb_text), (8 bytes).
    Removing stm32l1xx_sdio.o(.text), (476 bytes).
    Removing stm32l1xx_spi.o(.emb_text), (8 bytes).
    Removing stm32l1xx_spi.o(.text), (764 bytes).
    Removing stm32l1xx_syscfg.o(.emb_text), (8 bytes).
    Removing stm32l1xx_syscfg.o(.text), (744 bytes).
    Removing stm32l1xx_tim.o(.emb_text), (8 bytes).
    Removing stm32l1xx_usart.o(.emb_text), (8 bytes).
    Removing stm32l1xx_wwdg.o(.emb_text), (8 bytes).
    Removing stm32l1xx_wwdg.o(.text), (144 bytes).
    Removing main.o(.emb_text), (8 bytes).
    Removing system_stm32l1xx.o(.emb_text), (8 bytes).
    Removing stm32l1xx_it.o(.emb_text), (8 bytes).
    Removing delay.o(.emb_text), (8 bytes).
    Removing sys.o(.emb_text), (20 bytes).
    Removing sys.o(.text), (608 bytes).
    Removing led.o(.emb_text), (8 bytes).
    Removing bsp.o(.emb_text), (8 bytes).
    Removing usart1.o(.emb_text), (8 bytes).
    Removing usart2.o(.emb_text), (8 bytes).
    Removing usart3.o(.emb_text), (8 bytes).
    Removing key.o(.emb_text), (8 bytes).
    Removing lora.o(.emb_text), (8 bytes).
    Removing gps.o(.emb_text), (8 bytes).
    Removing gps.o(.text), (1660 bytes).
    Removing gps.o(.bss), (1200 bytes).
    Removing timer.o(.emb_text), (8 bytes).
    Removing oled.o(.emb_text), (8 bytes).
    Removing bluetooth.o(.emb_text), (8 bytes).
    Removing bluetooth.o(.text), (60 bytes).
    Removing fadd.o(.text), (176 bytes).
    Removing fmul.o(.text), (100 bytes).
    Removing fdiv.o(.text), (124 bytes).
    Removing ffixui.o(.text), (40 bytes).

72 unused section(s) (total 19974 bytes) removed from the image.

==============================================================================

Image Symbol Table

    Local Symbols

    Symbol Name                              Value     Ov Type        Size  Object(Section)

    ../clib/microlib/division.c              0x00000000   Number         0  uldiv.o ABSOLUTE
    ../clib/microlib/division.c              0x00000000   Number         0  uidiv.o ABSOLUTE
    ../clib/microlib/init/entry.s            0x00000000   Number         0  entry5.o ABSOLUTE
    ../clib/microlib/init/entry.s            0x00000000   Number         0  entry11b.o ABSOLUTE
    ../clib/microlib/init/entry.s            0x00000000   Number         0  entry11a.o ABSOLUTE
    ../clib/microlib/init/entry.s            0x00000000   Number         0  entry10a.o ABSOLUTE
    ../clib/microlib/init/entry.s            0x00000000   Number         0  entry9b.o ABSOLUTE
    ../clib/microlib/init/entry.s            0x00000000   Number         0  entry7a.o ABSOLUTE
    ../clib/microlib/init/entry.s            0x00000000   Number         0  entry9a.o ABSOLUTE
    ../clib/microlib/init/entry.s            0x00000000   Number         0  entry8b.o ABSOLUTE
    ../clib/microlib/init/entry.s            0x00000000   Number         0  entry8a.o ABSOLUTE
    ../clib/microlib/init/entry.s            0x00000000   Number         0  entry7b.o ABSOLUTE
    ../clib/microlib/init/entry.s            0x00000000   Number         0  entry.o ABSOLUTE
    ../clib/microlib/init/entry.s            0x00000000   Number         0  entry10b.o ABSOLUTE
    ../clib/microlib/init/entry.s            0x00000000   Number         0  entry2.o ABSOLUTE
    ../clib/microlib/longlong.c              0x00000000   Number         0  llsshr.o ABSOLUTE
    ../clib/microlib/longlong.c              0x00000000   Number         0  llushr.o ABSOLUTE
    ../clib/microlib/longlong.c              0x00000000   Number         0  llshl.o ABSOLUTE
    ../clib/microlib/printf/printf.c         0x00000000   Number         0  printf2.o ABSOLUTE
    ../clib/microlib/printf/printf.c         0x00000000   Number         0  printfb.o ABSOLUTE
    ../clib/microlib/printf/printf.c         0x00000000   Number         0  printf1.o ABSOLUTE
    ../clib/microlib/printf/printf.c         0x00000000   Number         0  printf0.o ABSOLUTE
    ../clib/microlib/printf/printf.c         0x00000000   Number         0  printfa.o ABSOLUTE
    ../clib/microlib/printf/printf.c         0x00000000   Number         0  printf8.o ABSOLUTE
    ../clib/microlib/printf/printf.c         0x00000000   Number         0  printf7.o ABSOLUTE
    ../clib/microlib/printf/printf.c         0x00000000   Number         0  printf6.o ABSOLUTE
    ../clib/microlib/printf/printf.c         0x00000000   Number         0  printf5.o ABSOLUTE
    ../clib/microlib/printf/printf.c         0x00000000   Number         0  printf4.o ABSOLUTE
    ../clib/microlib/printf/printf.c         0x00000000   Number         0  printf3.o ABSOLUTE
    ../clib/microlib/printf/stubs.s          0x00000000   Number         0  stubs.o ABSOLUTE
    ../clib/microlib/stdio/streams.c         0x00000000   Number         0  stdout.o ABSOLUTE
    ../clib/microlib/string/strlen.c         0x00000000   Number         0  strlen.o ABSOLUTE
    ../clib/microlib/string/strstr.c         0x00000000   Number         0  strstr.o ABSOLUTE
    ../clib/microlib/stubs.s                 0x00000000   Number         0  iusefp.o ABSOLUTE
    ../fplib/microlib/f2d.c                  0x00000000   Number         0  f2d.o ABSOLUTE
    ../fplib/microlib/fpadd.c                0x00000000   Number         0  dadd.o ABSOLUTE
    ../fplib/microlib/fpadd.c                0x00000000   Number         0  fadd.o ABSOLUTE
    ../fplib/microlib/fpdiv.c                0x00000000   Number         0  ddiv.o ABSOLUTE
    ../fplib/microlib/fpdiv.c                0x00000000   Number         0  fdiv.o ABSOLUTE
    ../fplib/microlib/fpepilogue.c           0x00000000   Number         0  fepilogue.o ABSOLUTE
    ../fplib/microlib/fpepilogue.c           0x00000000   Number         0  depilogue.o ABSOLUTE
    ../fplib/microlib/fpfix.c                0x00000000   Number         0  dfixul.o ABSOLUTE
    ../fplib/microlib/fpfix.c                0x00000000   Number         0  ffixui.o ABSOLUTE
    ../fplib/microlib/fpflt.c                0x00000000   Number         0  ffltui.o ABSOLUTE
    ../fplib/microlib/fpflt.c                0x00000000   Number         0  fflti.o ABSOLUTE
    ../fplib/microlib/fpmul.c                0x00000000   Number         0  dmul.o ABSOLUTE
    ../fplib/microlib/fpmul.c                0x00000000   Number         0  fmul.o ABSOLUTE
    ..\Driver\bluetooth\bluetooth.c          0x00000000   Number         0  bluetooth.o ABSOLUTE
    ..\Driver\bsp\bsp.c                      0x00000000   Number         0  bsp.o ABSOLUTE
    ..\Driver\gps\gps.c                      0x00000000   Number         0  gps.o ABSOLUTE
    ..\Driver\key\key.c                      0x00000000   Number         0  key.o ABSOLUTE
    ..\Driver\led\led.c                      0x00000000   Number         0  led.o ABSOLUTE
    ..\Driver\lora\lora.c                    0x00000000   Number         0  lora.o ABSOLUTE
    ..\Driver\oled\oled.c                    0x00000000   Number         0  oled.o ABSOLUTE
    ..\Driver\system\delay\delay.c           0x00000000   Number         0  delay.o ABSOLUTE
    ..\Driver\system\sys\sys.c               0x00000000   Number         0  sys.o ABSOLUTE
    ..\Driver\timer\timer.c                  0x00000000   Number         0  timer.o ABSOLUTE
    ..\Driver\usart1\usart1.c                0x00000000   Number         0  usart1.o ABSOLUTE
    ..\Driver\usart2\usart2.c                0x00000000   Number         0  usart2.o ABSOLUTE
    ..\Driver\usart3\usart3.c                0x00000000   Number         0  usart3.o ABSOLUTE
    ..\STM32L1xx_StdPeriph_Driver\src\misc.c 0x00000000   Number         0  misc.o ABSOLUTE
    ..\STM32L1xx_StdPeriph_Driver\src\stm32l1xx_adc.c 0x00000000   Number         0  stm32l1xx_adc.o ABSOLUTE
    ..\STM32L1xx_StdPeriph_Driver\src\stm32l1xx_aes.c 0x00000000   Number         0  stm32l1xx_aes.o ABSOLUTE
    ..\STM32L1xx_StdPeriph_Driver\src\stm32l1xx_aes_util.c 0x00000000   Number         0  stm32l1xx_aes_util.o ABSOLUTE
    ..\STM32L1xx_StdPeriph_Driver\src\stm32l1xx_comp.c 0x00000000   Number         0  stm32l1xx_comp.o ABSOLUTE
    ..\STM32L1xx_StdPeriph_Driver\src\stm32l1xx_crc.c 0x00000000   Number         0  stm32l1xx_crc.o ABSOLUTE
    ..\STM32L1xx_StdPeriph_Driver\src\stm32l1xx_dac.c 0x00000000   Number         0  stm32l1xx_dac.o ABSOLUTE
    ..\STM32L1xx_StdPeriph_Driver\src\stm32l1xx_dbgmcu.c 0x00000000   Number         0  stm32l1xx_dbgmcu.o ABSOLUTE
    ..\STM32L1xx_StdPeriph_Driver\src\stm32l1xx_dma.c 0x00000000   Number         0  stm32l1xx_dma.o ABSOLUTE
    ..\STM32L1xx_StdPeriph_Driver\src\stm32l1xx_exti.c 0x00000000   Number         0  stm32l1xx_exti.o ABSOLUTE
    ..\STM32L1xx_StdPeriph_Driver\src\stm32l1xx_flash.c 0x00000000   Number         0  stm32l1xx_flash.o ABSOLUTE
    ..\STM32L1xx_StdPeriph_Driver\src\stm32l1xx_fsmc.c 0x00000000   Number         0  stm32l1xx_fsmc.o ABSOLUTE
    ..\STM32L1xx_StdPeriph_Driver\src\stm32l1xx_gpio.c 0x00000000   Number         0  stm32l1xx_gpio.o ABSOLUTE
    ..\STM32L1xx_StdPeriph_Driver\src\stm32l1xx_i2c.c 0x00000000   Number         0  stm32l1xx_i2c.o ABSOLUTE
    ..\STM32L1xx_StdPeriph_Driver\src\stm32l1xx_iwdg.c 0x00000000   Number         0  stm32l1xx_iwdg.o ABSOLUTE
    ..\STM32L1xx_StdPeriph_Driver\src\stm32l1xx_lcd.c 0x00000000   Number         0  stm32l1xx_lcd.o ABSOLUTE
    ..\STM32L1xx_StdPeriph_Driver\src\stm32l1xx_opamp.c 0x00000000   Number         0  stm32l1xx_opamp.o ABSOLUTE
    ..\STM32L1xx_StdPeriph_Driver\src\stm32l1xx_pwr.c 0x00000000   Number         0  stm32l1xx_pwr.o ABSOLUTE
    ..\STM32L1xx_StdPeriph_Driver\src\stm32l1xx_rcc.c 0x00000000   Number         0  stm32l1xx_rcc.o ABSOLUTE
    ..\STM32L1xx_StdPeriph_Driver\src\stm32l1xx_rtc.c 0x00000000   Number         0  stm32l1xx_rtc.o ABSOLUTE
    ..\STM32L1xx_StdPeriph_Driver\src\stm32l1xx_sdio.c 0x00000000   Number         0  stm32l1xx_sdio.o ABSOLUTE
    ..\STM32L1xx_StdPeriph_Driver\src\stm32l1xx_spi.c 0x00000000   Number         0  stm32l1xx_spi.o ABSOLUTE
    ..\STM32L1xx_StdPeriph_Driver\src\stm32l1xx_syscfg.c 0x00000000   Number         0  stm32l1xx_syscfg.o ABSOLUTE
    ..\STM32L1xx_StdPeriph_Driver\src\stm32l1xx_tim.c 0x00000000   Number         0  stm32l1xx_tim.o ABSOLUTE
    ..\STM32L1xx_StdPeriph_Driver\src\stm32l1xx_usart.c 0x00000000   Number         0  stm32l1xx_usart.o ABSOLUTE
    ..\STM32L1xx_StdPeriph_Driver\src\stm32l1xx_wwdg.c 0x00000000   Number         0  stm32l1xx_wwdg.o ABSOLUTE
    ..\\Driver\\bluetooth\\bluetooth.c       0x00000000   Number         0  bluetooth.o ABSOLUTE
    ..\\Driver\\bsp\\bsp.c                   0x00000000   Number         0  bsp.o ABSOLUTE
    ..\\Driver\\gps\\gps.c                   0x00000000   Number         0  gps.o ABSOLUTE
    ..\\Driver\\key\\key.c                   0x00000000   Number         0  key.o ABSOLUTE
    ..\\Driver\\led\\led.c                   0x00000000   Number         0  led.o ABSOLUTE
    ..\\Driver\\lora\\lora.c                 0x00000000   Number         0  lora.o ABSOLUTE
    ..\\Driver\\oled\\oled.c                 0x00000000   Number         0  oled.o ABSOLUTE
    ..\\Driver\\system\\delay\\delay.c       0x00000000   Number         0  delay.o ABSOLUTE
    ..\\Driver\\system\\sys\\sys.c           0x00000000   Number         0  sys.o ABSOLUTE
    ..\\Driver\\timer\\timer.c               0x00000000   Number         0  timer.o ABSOLUTE
    ..\\Driver\\usart1\\usart1.c             0x00000000   Number         0  usart1.o ABSOLUTE
    ..\\Driver\\usart2\\usart2.c             0x00000000   Number         0  usart2.o ABSOLUTE
    ..\\Driver\\usart3\\usart3.c             0x00000000   Number         0  usart3.o ABSOLUTE
    ..\\STM32L1xx_StdPeriph_Driver\\src\\misc.c 0x00000000   Number         0  misc.o ABSOLUTE
    ..\\STM32L1xx_StdPeriph_Driver\\src\\stm32l1xx_adc.c 0x00000000   Number         0  stm32l1xx_adc.o ABSOLUTE
    ..\\STM32L1xx_StdPeriph_Driver\\src\\stm32l1xx_aes.c 0x00000000   Number         0  stm32l1xx_aes.o ABSOLUTE
    ..\\STM32L1xx_StdPeriph_Driver\\src\\stm32l1xx_aes_util.c 0x00000000   Number         0  stm32l1xx_aes_util.o ABSOLUTE
    ..\\STM32L1xx_StdPeriph_Driver\\src\\stm32l1xx_comp.c 0x00000000   Number         0  stm32l1xx_comp.o ABSOLUTE
    ..\\STM32L1xx_StdPeriph_Driver\\src\\stm32l1xx_crc.c 0x00000000   Number         0  stm32l1xx_crc.o ABSOLUTE
    ..\\STM32L1xx_StdPeriph_Driver\\src\\stm32l1xx_dac.c 0x00000000   Number         0  stm32l1xx_dac.o ABSOLUTE
    ..\\STM32L1xx_StdPeriph_Driver\\src\\stm32l1xx_dbgmcu.c 0x00000000   Number         0  stm32l1xx_dbgmcu.o ABSOLUTE
    ..\\STM32L1xx_StdPeriph_Driver\\src\\stm32l1xx_dma.c 0x00000000   Number         0  stm32l1xx_dma.o ABSOLUTE
    ..\\STM32L1xx_StdPeriph_Driver\\src\\stm32l1xx_exti.c 0x00000000   Number         0  stm32l1xx_exti.o ABSOLUTE
    ..\\STM32L1xx_StdPeriph_Driver\\src\\stm32l1xx_flash.c 0x00000000   Number         0  stm32l1xx_flash.o ABSOLUTE
    ..\\STM32L1xx_StdPeriph_Driver\\src\\stm32l1xx_fsmc.c 0x00000000   Number         0  stm32l1xx_fsmc.o ABSOLUTE
    ..\\STM32L1xx_StdPeriph_Driver\\src\\stm32l1xx_gpio.c 0x00000000   Number         0  stm32l1xx_gpio.o ABSOLUTE
    ..\\STM32L1xx_StdPeriph_Driver\\src\\stm32l1xx_i2c.c 0x00000000   Number         0  stm32l1xx_i2c.o ABSOLUTE
    ..\\STM32L1xx_StdPeriph_Driver\\src\\stm32l1xx_iwdg.c 0x00000000   Number         0  stm32l1xx_iwdg.o ABSOLUTE
    ..\\STM32L1xx_StdPeriph_Driver\\src\\stm32l1xx_lcd.c 0x00000000   Number         0  stm32l1xx_lcd.o ABSOLUTE
    ..\\STM32L1xx_StdPeriph_Driver\\src\\stm32l1xx_opamp.c 0x00000000   Number         0  stm32l1xx_opamp.o ABSOLUTE
    ..\\STM32L1xx_StdPeriph_Driver\\src\\stm32l1xx_pwr.c 0x00000000   Number         0  stm32l1xx_pwr.o ABSOLUTE
    ..\\STM32L1xx_StdPeriph_Driver\\src\\stm32l1xx_rcc.c 0x00000000   Number         0  stm32l1xx_rcc.o ABSOLUTE
    ..\\STM32L1xx_StdPeriph_Driver\\src\\stm32l1xx_rtc.c 0x00000000   Number         0  stm32l1xx_rtc.o ABSOLUTE
    ..\\STM32L1xx_StdPeriph_Driver\\src\\stm32l1xx_sdio.c 0x00000000   Number         0  stm32l1xx_sdio.o ABSOLUTE
    ..\\STM32L1xx_StdPeriph_Driver\\src\\stm32l1xx_spi.c 0x00000000   Number         0  stm32l1xx_spi.o ABSOLUTE
    ..\\STM32L1xx_StdPeriph_Driver\\src\\stm32l1xx_syscfg.c 0x00000000   Number         0  stm32l1xx_syscfg.o ABSOLUTE
    ..\\STM32L1xx_StdPeriph_Driver\\src\\stm32l1xx_tim.c 0x00000000   Number         0  stm32l1xx_tim.o ABSOLUTE
    ..\\STM32L1xx_StdPeriph_Driver\\src\\stm32l1xx_usart.c 0x00000000   Number         0  stm32l1xx_usart.o ABSOLUTE
    ..\\STM32L1xx_StdPeriph_Driver\\src\\stm32l1xx_wwdg.c 0x00000000   Number         0  stm32l1xx_wwdg.o ABSOLUTE
    ..\\main\\main.c                         0x00000000   Number         0  main.o ABSOLUTE
    ..\\main\\stm32l1xx_it.c                 0x00000000   Number         0  stm32l1xx_it.o ABSOLUTE
    ..\\main\\system_stm32l1xx.c             0x00000000   Number         0  system_stm32l1xx.o ABSOLUTE
    ..\main\main.c                           0x00000000   Number         0  main.o ABSOLUTE
    ..\main\stm32l1xx_it.c                   0x00000000   Number         0  stm32l1xx_it.o ABSOLUTE
    ..\main\system_stm32l1xx.c               0x00000000   Number         0  system_stm32l1xx.o ABSOLUTE
    cdrcmple.s                               0x00000000   Number         0  cdrcmple.o ABSOLUTE
    dc.s                                     0x00000000   Number         0  dc.o ABSOLUTE
    handlers.s                               0x00000000   Number         0  handlers.o ABSOLUTE
    init.s                                   0x00000000   Number         0  init.o ABSOLUTE
    startup_stm32l1xx_md.s                   0x00000000   Number         0  startup_stm32l1xx_md.o ABSOLUTE
    RESET                                    0x08000000   Section      244  startup_stm32l1xx_md.o(RESET)
    .ARM.Collect$$$$00000000                 0x080000f4   Section        0  entry.o(.ARM.Collect$$$$00000000)
    .ARM.Collect$$$$00000001                 0x080000f4   Section        4  entry2.o(.ARM.Collect$$$$00000001)
    .ARM.Collect$$$$00000004                 0x080000f8   Section        4  entry5.o(.ARM.Collect$$$$00000004)
    .ARM.Collect$$$$00000008                 0x080000fc   Section        0  entry7b.o(.ARM.Collect$$$$00000008)
    .ARM.Collect$$$$0000000A                 0x080000fc   Section        0  entry8b.o(.ARM.Collect$$$$0000000A)
    .ARM.Collect$$$$0000000B                 0x080000fc   Section        8  entry9a.o(.ARM.Collect$$$$0000000B)
    .ARM.Collect$$$$0000000D                 0x08000104   Section        0  entry10a.o(.ARM.Collect$$$$0000000D)
    .ARM.Collect$$$$0000000F                 0x08000104   Section        0  entry11a.o(.ARM.Collect$$$$0000000F)
    .ARM.Collect$$$$00002712                 0x08000104   Section        4  entry2.o(.ARM.Collect$$$$00002712)
    __lit__00000000                          0x08000104   Data           4  entry2.o(.ARM.Collect$$$$00002712)
    .text                                    0x08000108   Section       36  startup_stm32l1xx_md.o(.text)
    .text                                    0x0800012c   Section        0  misc.o(.text)
    .text                                    0x0800020c   Section        0  stm32l1xx_gpio.o(.text)
    .text                                    0x08000448   Section        0  stm32l1xx_rcc.o(.text)
    .text                                    0x080008d8   Section        0  stm32l1xx_tim.o(.text)
    TI4_Config                               0x08000e5b   Thumb Code    80  stm32l1xx_tim.o(.text)
    TI3_Config                               0x08000ebd   Thumb Code    72  stm32l1xx_tim.o(.text)
    TI2_Config                               0x08000f1f   Thumb Code    80  stm32l1xx_tim.o(.text)
    TI1_Config                               0x08000f81   Thumb Code    58  stm32l1xx_tim.o(.text)
    .text                                    0x080012e4   Section        0  stm32l1xx_usart.o(.text)
    .text                                    0x080016dc   Section        0  main.o(.text)
    .text                                    0x08001c28   Section        0  system_stm32l1xx.o(.text)
    SetSysClock                              0x08001c29   Thumb Code   258  system_stm32l1xx.o(.text)
    .text                                    0x08001e7c   Section        0  stm32l1xx_it.o(.text)
    .text                                    0x08001ec8   Section        0  delay.o(.text)
    .text                                    0x08001f78   Section        0  led.o(.text)
    .text                                    0x08001fd4   Section        0  bsp.o(.text)
    .text                                    0x08002004   Section        0  usart1.o(.text)
    .text                                    0x080021c0   Section        0  usart2.o(.text)
    .text                                    0x0800237c   Section        0  usart3.o(.text)
    .text                                    0x08002558   Section        0  key.o(.text)
    .text                                    0x080025f4   Section        0  lora.o(.text)
    .text                                    0x080026e0   Section        0  timer.o(.text)
    .text                                    0x08002884   Section        0  oled.o(.text)
    .text                                    0x0800326c   Section        0  strlen.o(.text)
    .text                                    0x0800327a   Section        0  fflti.o(.text)
    .text                                    0x0800328c   Section        0  ffltui.o(.text)
    .text                                    0x08003296   Section        0  f2d.o(.text)
    .text                                    0x080032bc   Section        0  uidiv.o(.text)
    .text                                    0x080032e8   Section        0  uldiv.o(.text)
    .text                                    0x0800334a   Section        0  fepilogue.o(.text)
    .text                                    0x0800334a   Section        0  iusefp.o(.text)
    .text                                    0x080033b8   Section        0  dadd.o(.text)
    .text                                    0x08003506   Section        0  dmul.o(.text)
    .text                                    0x080035ea   Section        0  ddiv.o(.text)
    .text                                    0x080036c8   Section        0  dfixul.o(.text)
    .text                                    0x080036f8   Section       48  cdrcmple.o(.text)
    .text                                    0x08003728   Section       36  init.o(.text)
    .text                                    0x0800374c   Section        0  llshl.o(.text)
    .text                                    0x0800376a   Section        0  llushr.o(.text)
    .text                                    0x0800378a   Section        0  llsshr.o(.text)
    .text                                    0x080037ae   Section        0  depilogue.o(.text)
    i.__0sprintf                             0x08003868   Section        0  printfa.o(i.__0sprintf)
    i.__0vsprintf                            0x08003890   Section        0  printfa.o(i.__0vsprintf)
    i.__scatterload_copy                     0x080038b4   Section       14  handlers.o(i.__scatterload_copy)
    i.__scatterload_null                     0x080038c2   Section        2  handlers.o(i.__scatterload_null)
    i.__scatterload_zeroinit                 0x080038c4   Section       14  handlers.o(i.__scatterload_zeroinit)
    i._fp_digits                             0x080038d4   Section        0  printfa.o(i._fp_digits)
    _fp_digits                               0x080038d5   Thumb Code   334  printfa.o(i._fp_digits)
    i._printf_core                           0x08003a38   Section        0  printfa.o(i._printf_core)
    _printf_core                             0x08003a39   Thumb Code  1744  printfa.o(i._printf_core)
    i._printf_post_padding                   0x08004114   Section        0  printfa.o(i._printf_post_padding)
    _printf_post_padding                     0x08004115   Thumb Code    36  printfa.o(i._printf_post_padding)
    i._printf_pre_padding                    0x08004138   Section        0  printfa.o(i._printf_pre_padding)
    _printf_pre_padding                      0x08004139   Thumb Code    46  printfa.o(i._printf_pre_padding)
    i._sputc                                 0x08004166   Section        0  printfa.o(i._sputc)
    _sputc                                   0x08004167   Thumb Code    10  printfa.o(i._sputc)
    .constdata                               0x08004170   Section     7600  oled.o(.constdata)
    .conststring                             0x08005f20   Section      112  main.o(.conststring)
    .data                                    0x20000000   Section       25  stm32l1xx_rcc.o(.data)
    PLLMulTable                              0x20000000   Data           9  stm32l1xx_rcc.o(.data)
    APBAHBPrescTable                         0x20000009   Data          16  stm32l1xx_rcc.o(.data)
    .data                                    0x2000001c   Section       29  system_stm32l1xx.o(.data)
    .data                                    0x2000003a   Section        4  stm32l1xx_it.o(.data)
    .data                                    0x2000003e   Section        4  delay.o(.data)
    fac_us                                   0x2000003e   Data           1  delay.o(.data)
    fac_ms                                   0x20000040   Data           2  delay.o(.data)
    .data                                    0x20000042   Section        2  usart1.o(.data)
    .data                                    0x20000044   Section        2  usart2.o(.data)
    .data                                    0x20000046   Section        2  usart3.o(.data)
    .data                                    0x20000048   Section        1  key.o(.data)
    key_up                                   0x20000048   Data           1  key.o(.data)
    .bss                                     0x2000004c   Section     1526  main.o(.bss)
    .bss                                     0x20000642   Section     1200  usart1.o(.bss)
    .bss                                     0x20000af2   Section     1200  usart2.o(.bss)
    .bss                                     0x20000fa2   Section     1200  usart3.o(.bss)
    .bss                                     0x20001452   Section      600  lora.o(.bss)
    .bss                                     0x200016aa   Section     1152  oled.o(.bss)
    STACK                                    0x20001b30   Section     1024  startup_stm32l1xx_md.o(STACK)

    Global Symbols

    Symbol Name                              Value     Ov Type        Size  Object(Section)

    BuildAttributes$$THM_ISAv4$P$D$K$B$S$PE$A:L22UL41UL21$X:L11$S22US41US21$IEEE1$IW$USESV6$~STKCKD$USESV7$~SHL$OTIME$ROPI$EBA8$MICROLIB$REQ8$PRES8$EABIv2 0x00000000   Number         0  anon$$obj.o ABSOLUTE
    __ARM_use_no_argv                        0x00000000   Number         0  main.o ABSOLUTE
    _printf_a                                0x00000000   Number         0  stubs.o ABSOLUTE
    _printf_c                                0x00000000   Number         0  stubs.o ABSOLUTE
    _printf_charcount                        0x00000000   Number         0  stubs.o ABSOLUTE
    _printf_d                                0x00000000   Number         0  stubs.o ABSOLUTE
    _printf_e                                0x00000000   Number         0  stubs.o ABSOLUTE
    _printf_f                                0x00000000   Number         0  stubs.o ABSOLUTE
    _printf_flags                            0x00000000   Number         0  stubs.o ABSOLUTE
    _printf_fp_dec                           0x00000000   Number         0  stubs.o ABSOLUTE
    _printf_fp_hex                           0x00000000   Number         0  stubs.o ABSOLUTE
    _printf_g                                0x00000000   Number         0  stubs.o ABSOLUTE
    _printf_i                                0x00000000   Number         0  stubs.o ABSOLUTE
    _printf_int_dec                          0x00000000   Number         0  stubs.o ABSOLUTE
    _printf_l                                0x00000000   Number         0  stubs.o ABSOLUTE
    _printf_lc                               0x00000000   Number         0  stubs.o ABSOLUTE
    _printf_ll                               0x00000000   Number         0  stubs.o ABSOLUTE
    _printf_lld                              0x00000000   Number         0  stubs.o ABSOLUTE
    _printf_lli                              0x00000000   Number         0  stubs.o ABSOLUTE
    _printf_llo                              0x00000000   Number         0  stubs.o ABSOLUTE
    _printf_llu                              0x00000000   Number         0  stubs.o ABSOLUTE
    _printf_llx                              0x00000000   Number         0  stubs.o ABSOLUTE
    _printf_longlong_dec                     0x00000000   Number         0  stubs.o ABSOLUTE
    _printf_longlong_hex                     0x00000000   Number         0  stubs.o ABSOLUTE
    _printf_longlong_oct                     0x00000000   Number         0  stubs.o ABSOLUTE
    _printf_ls                               0x00000000   Number         0  stubs.o ABSOLUTE
    _printf_mbtowc                           0x00000000   Number         0  stubs.o ABSOLUTE
    _printf_n                                0x00000000   Number         0  stubs.o ABSOLUTE
    _printf_o                                0x00000000   Number         0  stubs.o ABSOLUTE
    _printf_p                                0x00000000   Number         0  stubs.o ABSOLUTE
    _printf_percent                          0x00000000   Number         0  stubs.o ABSOLUTE
    _printf_pre_padding                      0x00000000   Number         0  stubs.o ABSOLUTE
    _printf_return_value                     0x00000000   Number         0  stubs.o ABSOLUTE
    _printf_s                                0x00000000   Number         0  stubs.o ABSOLUTE
    _printf_sizespec                         0x00000000   Number         0  stubs.o ABSOLUTE
    _printf_str                              0x00000000   Number         0  stubs.o ABSOLUTE
    _printf_truncate_signed                  0x00000000   Number         0  stubs.o ABSOLUTE
    _printf_truncate_unsigned                0x00000000   Number         0  stubs.o ABSOLUTE
    _printf_u                                0x00000000   Number         0  stubs.o ABSOLUTE
    _printf_wc                               0x00000000   Number         0  stubs.o ABSOLUTE
    _printf_wctomb                           0x00000000   Number         0  stubs.o ABSOLUTE
    _printf_widthprec                        0x00000000   Number         0  stubs.o ABSOLUTE
    _printf_x                                0x00000000   Number         0  stubs.o ABSOLUTE
    __cpp_initialize__aeabi_                  - Undefined Weak Reference
    __cxa_finalize                            - Undefined Weak Reference
    __decompress                              - Undefined Weak Reference
    _clock_init                               - Undefined Weak Reference
    _microlib_exit                            - Undefined Weak Reference
    __Vectors_Size                           0x000000f4   Number         0  startup_stm32l1xx_md.o ABSOLUTE
    __Vectors                                0x08000000   Data           4  startup_stm32l1xx_md.o(RESET)
    __Vectors_End                            0x080000f4   Data           0  startup_stm32l1xx_md.o(RESET)
    __main                                   0x080000f5   Thumb Code     0  entry.o(.ARM.Collect$$$$00000000)
    _main_stk                                0x080000f5   Thumb Code     0  entry2.o(.ARM.Collect$$$$00000001)
    _main_scatterload                        0x080000f9   Thumb Code     0  entry5.o(.ARM.Collect$$$$00000004)
    __main_after_scatterload                 0x080000fd   Thumb Code     0  entry5.o(.ARM.Collect$$$$00000004)
    _main_clock                              0x080000fd   Thumb Code     0  entry7b.o(.ARM.Collect$$$$00000008)
    _main_cpp_init                           0x080000fd   Thumb Code     0  entry8b.o(.ARM.Collect$$$$0000000A)
    _main_init                               0x080000fd   Thumb Code     0  entry9a.o(.ARM.Collect$$$$0000000B)
    __rt_final_cpp                           0x08000105   Thumb Code     0  entry10a.o(.ARM.Collect$$$$0000000D)
    __rt_final_exit                          0x08000105   Thumb Code     0  entry11a.o(.ARM.Collect$$$$0000000F)
    Reset_Handler                            0x08000109   Thumb Code     8  startup_stm32l1xx_md.o(.text)
    ADC1_IRQHandler                          0x08000123   Thumb Code     0  startup_stm32l1xx_md.o(.text)
    COMP_IRQHandler                          0x08000123   Thumb Code     0  startup_stm32l1xx_md.o(.text)
    DAC_IRQHandler                           0x08000123   Thumb Code     0  startup_stm32l1xx_md.o(.text)
    DMA1_Channel1_IRQHandler                 0x08000123   Thumb Code     0  startup_stm32l1xx_md.o(.text)
    DMA1_Channel2_IRQHandler                 0x08000123   Thumb Code     0  startup_stm32l1xx_md.o(.text)
    DMA1_Channel3_IRQHandler                 0x08000123   Thumb Code     0  startup_stm32l1xx_md.o(.text)
    DMA1_Channel4_IRQHandler                 0x08000123   Thumb Code     0  startup_stm32l1xx_md.o(.text)
    DMA1_Channel5_IRQHandler                 0x08000123   Thumb Code     0  startup_stm32l1xx_md.o(.text)
    DMA1_Channel6_IRQHandler                 0x08000123   Thumb Code     0  startup_stm32l1xx_md.o(.text)
    DMA1_Channel7_IRQHandler                 0x08000123   Thumb Code     0  startup_stm32l1xx_md.o(.text)
    EXTI0_IRQHandler                         0x08000123   Thumb Code     0  startup_stm32l1xx_md.o(.text)
    EXTI15_10_IRQHandler                     0x08000123   Thumb Code     0  startup_stm32l1xx_md.o(.text)
    EXTI1_IRQHandler                         0x08000123   Thumb Code     0  startup_stm32l1xx_md.o(.text)
    EXTI2_IRQHandler                         0x08000123   Thumb Code     0  startup_stm32l1xx_md.o(.text)
    EXTI3_IRQHandler                         0x08000123   Thumb Code     0  startup_stm32l1xx_md.o(.text)
    EXTI4_IRQHandler                         0x08000123   Thumb Code     0  startup_stm32l1xx_md.o(.text)
    EXTI9_5_IRQHandler                       0x08000123   Thumb Code     0  startup_stm32l1xx_md.o(.text)
    FLASH_IRQHandler                         0x08000123   Thumb Code     0  startup_stm32l1xx_md.o(.text)
    I2C1_ER_IRQHandler                       0x08000123   Thumb Code     0  startup_stm32l1xx_md.o(.text)
    I2C1_EV_IRQHandler                       0x08000123   Thumb Code     0  startup_stm32l1xx_md.o(.text)
    I2C2_ER_IRQHandler                       0x08000123   Thumb Code     0  startup_stm32l1xx_md.o(.text)
    I2C2_EV_IRQHandler                       0x08000123   Thumb Code     0  startup_stm32l1xx_md.o(.text)
    LCD_IRQHandler                           0x08000123   Thumb Code     0  startup_stm32l1xx_md.o(.text)
    PVD_IRQHandler                           0x08000123   Thumb Code     0  startup_stm32l1xx_md.o(.text)
    RCC_IRQHandler                           0x08000123   Thumb Code     0  startup_stm32l1xx_md.o(.text)
    RTC_Alarm_IRQHandler                     0x08000123   Thumb Code     0  startup_stm32l1xx_md.o(.text)
    RTC_WKUP_IRQHandler                      0x08000123   Thumb Code     0  startup_stm32l1xx_md.o(.text)
    SPI1_IRQHandler                          0x08000123   Thumb Code     0  startup_stm32l1xx_md.o(.text)
    SPI2_IRQHandler                          0x08000123   Thumb Code     0  startup_stm32l1xx_md.o(.text)
    TAMPER_STAMP_IRQHandler                  0x08000123   Thumb Code     0  startup_stm32l1xx_md.o(.text)
    TIM10_IRQHandler                         0x08000123   Thumb Code     0  startup_stm32l1xx_md.o(.text)
    TIM11_IRQHandler                         0x08000123   Thumb Code     0  startup_stm32l1xx_md.o(.text)
    TIM3_IRQHandler                          0x08000123   Thumb Code     0  startup_stm32l1xx_md.o(.text)
    TIM9_IRQHandler                          0x08000123   Thumb Code     0  startup_stm32l1xx_md.o(.text)
    USB_FS_WKUP_IRQHandler                   0x08000123   Thumb Code     0  startup_stm32l1xx_md.o(.text)
    USB_HP_IRQHandler                        0x08000123   Thumb Code     0  startup_stm32l1xx_md.o(.text)
    USB_LP_IRQHandler                        0x08000123   Thumb Code     0  startup_stm32l1xx_md.o(.text)
    WWDG_IRQHandler                          0x08000123   Thumb Code     0  startup_stm32l1xx_md.o(.text)
    NVIC_PriorityGroupConfig                 0x0800012d   Thumb Code    10  misc.o(.text)
    NVIC_Init                                0x08000137   Thumb Code   106  misc.o(.text)
    NVIC_SetVectorTable                      0x080001a1   Thumb Code    14  misc.o(.text)
    NVIC_SystemLPConfig                      0x080001af   Thumb Code    34  misc.o(.text)
    SysTick_CLKSourceConfig                  0x080001d1   Thumb Code    40  misc.o(.text)
    GPIO_DeInit                              0x0800020d   Thumb Code   196  stm32l1xx_gpio.o(.text)
    GPIO_Init                                0x080002d1   Thumb Code   144  stm32l1xx_gpio.o(.text)
    GPIO_StructInit                          0x08000361   Thumb Code    18  stm32l1xx_gpio.o(.text)
    GPIO_PinLockConfig                       0x08000373   Thumb Code    34  stm32l1xx_gpio.o(.text)
    GPIO_ReadInputDataBit                    0x08000395   Thumb Code    18  stm32l1xx_gpio.o(.text)
    GPIO_ReadInputData                       0x080003a7   Thumb Code     6  stm32l1xx_gpio.o(.text)
    GPIO_ReadOutputDataBit                   0x080003ad   Thumb Code    18  stm32l1xx_gpio.o(.text)
    GPIO_ReadOutputData                      0x080003bf   Thumb Code     6  stm32l1xx_gpio.o(.text)
    GPIO_SetBits                             0x080003c5   Thumb Code     4  stm32l1xx_gpio.o(.text)
    GPIO_ResetBits                           0x080003c9   Thumb Code     4  stm32l1xx_gpio.o(.text)
    GPIO_WriteBit                            0x080003cd   Thumb Code    10  stm32l1xx_gpio.o(.text)
    GPIO_Write                               0x080003d7   Thumb Code     4  stm32l1xx_gpio.o(.text)
    GPIO_ToggleBits                          0x080003db   Thumb Code     8  stm32l1xx_gpio.o(.text)
    GPIO_PinAFConfig                         0x080003e3   Thumb Code    70  stm32l1xx_gpio.o(.text)
    RCC_DeInit                               0x08000449   Thumb Code    74  stm32l1xx_rcc.o(.text)
    RCC_HSEConfig                            0x08000493   Thumb Code    14  stm32l1xx_rcc.o(.text)
    RCC_GetFlagStatus                        0x080004a1   Thumb Code    48  stm32l1xx_rcc.o(.text)
    RCC_WaitForHSEStartUp                    0x080004d1   Thumb Code    56  stm32l1xx_rcc.o(.text)
    RCC_AdjustMSICalibrationValue            0x08000509   Thumb Code     8  stm32l1xx_rcc.o(.text)
    RCC_MSIRangeConfig                       0x08000511   Thumb Code    20  stm32l1xx_rcc.o(.text)
    RCC_MSICmd                               0x08000525   Thumb Code     6  stm32l1xx_rcc.o(.text)
    RCC_AdjustHSICalibrationValue            0x0800052b   Thumb Code    22  stm32l1xx_rcc.o(.text)
    RCC_HSICmd                               0x08000541   Thumb Code     6  stm32l1xx_rcc.o(.text)
    RCC_LSEConfig                            0x08000547   Thumb Code    14  stm32l1xx_rcc.o(.text)
    RCC_LSICmd                               0x08000555   Thumb Code     6  stm32l1xx_rcc.o(.text)
    RCC_PLLConfig                            0x0800055b   Thumb Code    16  stm32l1xx_rcc.o(.text)
    RCC_PLLCmd                               0x0800056b   Thumb Code     6  stm32l1xx_rcc.o(.text)
    RCC_ClockSecuritySystemCmd               0x08000571   Thumb Code     6  stm32l1xx_rcc.o(.text)
    RCC_LSEClockSecuritySystemCmd            0x08000577   Thumb Code     8  stm32l1xx_rcc.o(.text)
    RCC_MCOConfig                            0x0800057f   Thumb Code    12  stm32l1xx_rcc.o(.text)
    RCC_SYSCLKConfig                         0x0800058b   Thumb Code    20  stm32l1xx_rcc.o(.text)
    RCC_GetSYSCLKSource                      0x0800059f   Thumb Code    12  stm32l1xx_rcc.o(.text)
    RCC_HCLKConfig                           0x080005ab   Thumb Code    20  stm32l1xx_rcc.o(.text)
    RCC_PCLK1Config                          0x080005bf   Thumb Code    20  stm32l1xx_rcc.o(.text)
    RCC_PCLK2Config                          0x080005d3   Thumb Code    22  stm32l1xx_rcc.o(.text)
    RCC_GetClocksFreq                        0x080005e9   Thumb Code   248  stm32l1xx_rcc.o(.text)
    RCC_RTCCLKConfig                         0x080006e1   Thumb Code    64  stm32l1xx_rcc.o(.text)
    RCC_RTCCLKCmd                            0x08000721   Thumb Code     8  stm32l1xx_rcc.o(.text)
    RCC_RTCResetCmd                          0x08000729   Thumb Code     8  stm32l1xx_rcc.o(.text)
    RCC_AHBPeriphClockCmd                    0x08000731   Thumb Code    34  stm32l1xx_rcc.o(.text)
    RCC_APB2PeriphClockCmd                   0x08000753   Thumb Code    34  stm32l1xx_rcc.o(.text)
    RCC_APB1PeriphClockCmd                   0x08000775   Thumb Code    34  stm32l1xx_rcc.o(.text)
    RCC_AHBPeriphResetCmd                    0x08000797   Thumb Code    34  stm32l1xx_rcc.o(.text)
    RCC_APB2PeriphResetCmd                   0x080007b9   Thumb Code    34  stm32l1xx_rcc.o(.text)
    RCC_APB1PeriphResetCmd                   0x080007db   Thumb Code    34  stm32l1xx_rcc.o(.text)
    RCC_AHBPeriphClockLPModeCmd              0x080007fd   Thumb Code    34  stm32l1xx_rcc.o(.text)
    RCC_APB2PeriphClockLPModeCmd             0x0800081f   Thumb Code    66  stm32l1xx_rcc.o(.text)
    RCC_APB1PeriphClockLPModeCmd             0x08000861   Thumb Code    34  stm32l1xx_rcc.o(.text)
    RCC_ITConfig                             0x08000883   Thumb Code    34  stm32l1xx_rcc.o(.text)
    RCC_ClearFlag                            0x080008a5   Thumb Code    18  stm32l1xx_rcc.o(.text)
    RCC_GetITStatus                          0x080008b7   Thumb Code    22  stm32l1xx_rcc.o(.text)
    RCC_ClearITPendingBit                    0x080008cd   Thumb Code     8  stm32l1xx_rcc.o(.text)
    TIM_DeInit                               0x080008d9   Thumb Code   220  stm32l1xx_tim.o(.text)
    TIM_TimeBaseInit                         0x080009b5   Thumb Code    76  stm32l1xx_tim.o(.text)
    TIM_TimeBaseStructInit                   0x08000a01   Thumb Code    16  stm32l1xx_tim.o(.text)
    TIM_PrescalerConfig                      0x08000a11   Thumb Code     6  stm32l1xx_tim.o(.text)
    TIM_CounterModeConfig                    0x08000a17   Thumb Code    18  stm32l1xx_tim.o(.text)
    TIM_SetCounter                           0x08000a29   Thumb Code     4  stm32l1xx_tim.o(.text)
    TIM_SetAutoreload                        0x08000a2d   Thumb Code     4  stm32l1xx_tim.o(.text)
    TIM_GetCounter                           0x08000a31   Thumb Code     6  stm32l1xx_tim.o(.text)
    TIM_GetPrescaler                         0x08000a37   Thumb Code     6  stm32l1xx_tim.o(.text)
    TIM_UpdateDisableConfig                  0x08000a3d   Thumb Code    24  stm32l1xx_tim.o(.text)
    TIM_UpdateRequestConfig                  0x08000a55   Thumb Code    24  stm32l1xx_tim.o(.text)
    TIM_ARRPreloadConfig                     0x08000a6d   Thumb Code    24  stm32l1xx_tim.o(.text)
    TIM_SelectOnePulseMode                   0x08000a85   Thumb Code    18  stm32l1xx_tim.o(.text)
    TIM_SetClockDivision                     0x08000a97   Thumb Code    18  stm32l1xx_tim.o(.text)
    TIM_Cmd                                  0x08000aa9   Thumb Code    24  stm32l1xx_tim.o(.text)
    TIM_OC1Init                              0x08000ac1   Thumb Code    56  stm32l1xx_tim.o(.text)
    TIM_OC2Init                              0x08000af9   Thumb Code    70  stm32l1xx_tim.o(.text)
    TIM_OC3Init                              0x08000b3f   Thumb Code    66  stm32l1xx_tim.o(.text)
    TIM_OC4Init                              0x08000b81   Thumb Code    70  stm32l1xx_tim.o(.text)
    TIM_OCStructInit                         0x08000bc7   Thumb Code    12  stm32l1xx_tim.o(.text)
    TIM_SelectOCxM                           0x08000bd3   Thumb Code    82  stm32l1xx_tim.o(.text)
    TIM_SetCompare1                          0x08000c25   Thumb Code     4  stm32l1xx_tim.o(.text)
    TIM_SetCompare2                          0x08000c29   Thumb Code     4  stm32l1xx_tim.o(.text)
    TIM_SetCompare3                          0x08000c2d   Thumb Code     4  stm32l1xx_tim.o(.text)
    TIM_SetCompare4                          0x08000c31   Thumb Code     4  stm32l1xx_tim.o(.text)
    TIM_ForcedOC1Config                      0x08000c35   Thumb Code    18  stm32l1xx_tim.o(.text)
    TIM_ForcedOC2Config                      0x08000c47   Thumb Code    26  stm32l1xx_tim.o(.text)
    TIM_ForcedOC3Config                      0x08000c61   Thumb Code    18  stm32l1xx_tim.o(.text)
    TIM_ForcedOC4Config                      0x08000c73   Thumb Code    26  stm32l1xx_tim.o(.text)
    TIM_OC1PreloadConfig                     0x08000c8d   Thumb Code    18  stm32l1xx_tim.o(.text)
    TIM_OC2PreloadConfig                     0x08000c9f   Thumb Code    26  stm32l1xx_tim.o(.text)
    TIM_OC3PreloadConfig                     0x08000cb9   Thumb Code    18  stm32l1xx_tim.o(.text)
    TIM_OC4PreloadConfig                     0x08000ccb   Thumb Code    58  stm32l1xx_tim.o(.text)
    TIM_OC1FastConfig                        0x08000d05   Thumb Code    18  stm32l1xx_tim.o(.text)
    TIM_OC2FastConfig                        0x08000d17   Thumb Code    26  stm32l1xx_tim.o(.text)
    TIM_OC3FastConfig                        0x08000d31   Thumb Code    18  stm32l1xx_tim.o(.text)
    TIM_OC4FastConfig                        0x08000d43   Thumb Code    26  stm32l1xx_tim.o(.text)
    TIM_ClearOC1Ref                          0x08000d5d   Thumb Code    18  stm32l1xx_tim.o(.text)
    TIM_ClearOC2Ref                          0x08000d6f   Thumb Code    24  stm32l1xx_tim.o(.text)
    TIM_ClearOC3Ref                          0x08000d87   Thumb Code    18  stm32l1xx_tim.o(.text)
    TIM_ClearOC4Ref                          0x08000d99   Thumb Code    24  stm32l1xx_tim.o(.text)
    TIM_OC1PolarityConfig                    0x08000db1   Thumb Code    18  stm32l1xx_tim.o(.text)
    TIM_OC2PolarityConfig                    0x08000dc3   Thumb Code    26  stm32l1xx_tim.o(.text)
    TIM_OC3PolarityConfig                    0x08000ddd   Thumb Code    26  stm32l1xx_tim.o(.text)
    TIM_OC4PolarityConfig                    0x08000df7   Thumb Code    26  stm32l1xx_tim.o(.text)
    TIM_SelectOCREFClear                     0x08000e11   Thumb Code    18  stm32l1xx_tim.o(.text)
    TIM_CCxCmd                               0x08000e23   Thumb Code    30  stm32l1xx_tim.o(.text)
    TIM_SetIC4Prescaler                      0x08000e41   Thumb Code    26  stm32l1xx_tim.o(.text)
    TIM_SetIC3Prescaler                      0x08000eab   Thumb Code    18  stm32l1xx_tim.o(.text)
    TIM_SetIC2Prescaler                      0x08000f05   Thumb Code    26  stm32l1xx_tim.o(.text)
    TIM_SetIC1Prescaler                      0x08000f6f   Thumb Code    18  stm32l1xx_tim.o(.text)
    TIM_ICInit                               0x08000fbb   Thumb Code   110  stm32l1xx_tim.o(.text)
    TIM_ICStructInit                         0x08001029   Thumb Code    18  stm32l1xx_tim.o(.text)
    TIM_PWMIConfig                           0x0800103b   Thumb Code   124  stm32l1xx_tim.o(.text)
    TIM_GetCapture1                          0x080010b7   Thumb Code     6  stm32l1xx_tim.o(.text)
    TIM_GetCapture2                          0x080010bd   Thumb Code     6  stm32l1xx_tim.o(.text)
    TIM_GetCapture3                          0x080010c3   Thumb Code     6  stm32l1xx_tim.o(.text)
    TIM_GetCapture4                          0x080010c9   Thumb Code     6  stm32l1xx_tim.o(.text)
    TIM_ITConfig                             0x080010cf   Thumb Code    18  stm32l1xx_tim.o(.text)
    TIM_GenerateEvent                        0x080010e1   Thumb Code     4  stm32l1xx_tim.o(.text)
    TIM_GetFlagStatus                        0x080010e5   Thumb Code    18  stm32l1xx_tim.o(.text)
    TIM_ClearFlag                            0x080010f7   Thumb Code     6  stm32l1xx_tim.o(.text)
    TIM_GetITStatus                          0x080010fd   Thumb Code    34  stm32l1xx_tim.o(.text)
    TIM_ClearITPendingBit                    0x0800111f   Thumb Code     6  stm32l1xx_tim.o(.text)
    TIM_DMAConfig                            0x08001125   Thumb Code    10  stm32l1xx_tim.o(.text)
    TIM_DMACmd                               0x0800112f   Thumb Code    18  stm32l1xx_tim.o(.text)
    TIM_SelectCCDMA                          0x08001141   Thumb Code    24  stm32l1xx_tim.o(.text)
    TIM_InternalClockConfig                  0x08001159   Thumb Code    12  stm32l1xx_tim.o(.text)
    TIM_SelectInputTrigger                   0x08001165   Thumb Code    18  stm32l1xx_tim.o(.text)
    TIM_ITRxExternalClockConfig              0x08001177   Thumb Code    24  stm32l1xx_tim.o(.text)
    TIM_TIxExternalClockConfig               0x0800118f   Thumb Code    62  stm32l1xx_tim.o(.text)
    TIM_ETRConfig                            0x080011cd   Thumb Code    28  stm32l1xx_tim.o(.text)
    TIM_ETRClockMode1Config                  0x080011e9   Thumb Code    54  stm32l1xx_tim.o(.text)
    TIM_ETRClockMode2Config                  0x0800121f   Thumb Code    32  stm32l1xx_tim.o(.text)
    TIM_SelectOutputTrigger                  0x0800123f   Thumb Code    18  stm32l1xx_tim.o(.text)
    TIM_SelectSlaveMode                      0x08001251   Thumb Code    18  stm32l1xx_tim.o(.text)
    TIM_SelectMasterSlaveMode                0x08001263   Thumb Code    18  stm32l1xx_tim.o(.text)
    TIM_EncoderInterfaceConfig               0x08001275   Thumb Code    66  stm32l1xx_tim.o(.text)
    TIM_SelectHallSensor                     0x080012b7   Thumb Code    24  stm32l1xx_tim.o(.text)
    TIM_RemapConfig                          0x080012cf   Thumb Code    22  stm32l1xx_tim.o(.text)
    USART_DeInit                             0x080012e5   Thumb Code   134  stm32l1xx_usart.o(.text)
    USART_Init                               0x0800136b   Thumb Code   198  stm32l1xx_usart.o(.text)
    USART_StructInit                         0x08001431   Thumb Code    24  stm32l1xx_usart.o(.text)
    USART_ClockInit                          0x08001449   Thumb Code    32  stm32l1xx_usart.o(.text)
    USART_ClockStructInit                    0x08001469   Thumb Code    12  stm32l1xx_usart.o(.text)
    USART_Cmd                                0x08001475   Thumb Code    24  stm32l1xx_usart.o(.text)
    USART_SetPrescaler                       0x0800148d   Thumb Code    16  stm32l1xx_usart.o(.text)
    USART_OverSampling8Cmd                   0x0800149d   Thumb Code    22  stm32l1xx_usart.o(.text)
    USART_OneBitMethodCmd                    0x080014b3   Thumb Code    24  stm32l1xx_usart.o(.text)
    USART_SendData                           0x080014cb   Thumb Code     8  stm32l1xx_usart.o(.text)
    USART_ReceiveData                        0x080014d3   Thumb Code    10  stm32l1xx_usart.o(.text)
    USART_SetAddress                         0x080014dd   Thumb Code    18  stm32l1xx_usart.o(.text)
    USART_ReceiverWakeUpCmd                  0x080014ef   Thumb Code    24  stm32l1xx_usart.o(.text)
    USART_WakeUpConfig                       0x08001507   Thumb Code    18  stm32l1xx_usart.o(.text)
    USART_LINBreakDetectLengthConfig         0x08001519   Thumb Code    18  stm32l1xx_usart.o(.text)
    USART_LINCmd                             0x0800152b   Thumb Code    24  stm32l1xx_usart.o(.text)
    USART_SendBreak                          0x08001543   Thumb Code    10  stm32l1xx_usart.o(.text)
    USART_HalfDuplexCmd                      0x0800154d   Thumb Code    24  stm32l1xx_usart.o(.text)
    USART_SetGuardTime                       0x08001565   Thumb Code    16  stm32l1xx_usart.o(.text)
    USART_SmartCardCmd                       0x08001575   Thumb Code    24  stm32l1xx_usart.o(.text)
    USART_SmartCardNACKCmd                   0x0800158d   Thumb Code    24  stm32l1xx_usart.o(.text)
    USART_IrDAConfig                         0x080015a5   Thumb Code    18  stm32l1xx_usart.o(.text)
    USART_IrDACmd                            0x080015b7   Thumb Code    24  stm32l1xx_usart.o(.text)
    USART_DMACmd                             0x080015cf   Thumb Code    18  stm32l1xx_usart.o(.text)
    USART_ITConfig                           0x080015e1   Thumb Code    74  stm32l1xx_usart.o(.text)
    USART_GetFlagStatus                      0x0800162b   Thumb Code    26  stm32l1xx_usart.o(.text)
    USART_ClearFlag                          0x08001645   Thumb Code    18  stm32l1xx_usart.o(.text)
    USART_GetITStatus                        0x08001657   Thumb Code    84  stm32l1xx_usart.o(.text)
    USART_ClearITPendingBit                  0x080016ab   Thumb Code    50  stm32l1xx_usart.o(.text)
    GPS_SHOW                                 0x080016dd   Thumb Code   316  main.o(.text)
    LORA_SHOW                                0x08001819   Thumb Code   316  main.o(.text)
    LORA_SEND_tousart                        0x08001955   Thumb Code   196  main.o(.text)
    main                                     0x08001a19   Thumb Code   508  main.o(.text)
    SystemInit                               0x08001d2b   Thumb Code    88  system_stm32l1xx.o(.text)
    SystemCoreClockUpdate                    0x08001d83   Thumb Code   204  system_stm32l1xx.o(.text)
    NMI_Handler                              0x08001e7d   Thumb Code     2  stm32l1xx_it.o(.text)
    HardFault_Handler                        0x08001e7f   Thumb Code     4  stm32l1xx_it.o(.text)
    MemManage_Handler                        0x08001e83   Thumb Code     4  stm32l1xx_it.o(.text)
    BusFault_Handler                         0x08001e87   Thumb Code     4  stm32l1xx_it.o(.text)
    UsageFault_Handler                       0x08001e8b   Thumb Code     4  stm32l1xx_it.o(.text)
    DebugMon_Handler                         0x08001e8f   Thumb Code     2  stm32l1xx_it.o(.text)
    SVC_Handler                              0x08001e91   Thumb Code     2  stm32l1xx_it.o(.text)
    PendSV_Handler                           0x08001e93   Thumb Code     2  stm32l1xx_it.o(.text)
    SysTick_Handler                          0x08001e95   Thumb Code     2  stm32l1xx_it.o(.text)
    TIM2_IRQHandler                          0x08001e97   Thumb Code    44  stm32l1xx_it.o(.text)
    delay_init                               0x08001ec9   Thumb Code    56  delay.o(.text)
    delay_us                                 0x08001f01   Thumb Code    56  delay.o(.text)
    delay_ms                                 0x08001f39   Thumb Code    56  delay.o(.text)
    LED_Init                                 0x08001f79   Thumb Code    58  led.o(.text)
    LED                                      0x08001fb3   Thumb Code    30  led.o(.text)
    bsp_init                                 0x08001fd5   Thumb Code    46  bsp.o(.text)
    USART1_OUT                               0x08002005   Thumb Code    48  usart1.o(.text)
    USART1_Configuration                     0x08002035   Thumb Code   202  usart1.o(.text)
    USART1_IRQHandler                        0x080020ff   Thumb Code    96  usart1.o(.text)
    u1_printf                                0x0800215f   Thumb Code    72  usart1.o(.text)
    USART2_OUT                               0x080021c1   Thumb Code    48  usart2.o(.text)
    USART2_Configuration                     0x080021f1   Thumb Code   202  usart2.o(.text)
    USART2_IRQHandler                        0x080022bb   Thumb Code    96  usart2.o(.text)
    u2_printf                                0x0800231b   Thumb Code    72  usart2.o(.text)
    USART3_OUT                               0x0800237d   Thumb Code    48  usart3.o(.text)
    fputc                                    0x080023ad   Thumb Code    32  usart3.o(.text)
    USART3_Configuration                     0x080023cd   Thumb Code   178  usart3.o(.text)
    USART3_IRQHandler                        0x0800247f   Thumb Code   124  usart3.o(.text)
    u3_printf                                0x080024fb   Thumb Code    72  usart3.o(.text)
    KEY_Init                                 0x08002559   Thumb Code    38  key.o(.text)
    KEY_Scan                                 0x0800257f   Thumb Code    80  key.o(.text)
    KEY                                      0x080025cf   Thumb Code    30  key.o(.text)
    Lora_Init                                0x080025f5   Thumb Code    54  lora.o(.text)
    E32_MODE_Control                         0x0800262b   Thumb Code    86  lora.o(.text)
    LORA_Send                                0x08002681   Thumb Code    16  lora.o(.text)
    LORA_Receive                             0x08002691   Thumb Code    54  lora.o(.text)
    TIM7_IRQHandler                          0x080026e1   Thumb Code    42  timer.o(.text)
    TIM6_IRQHandler                          0x0800270b   Thumb Code    42  timer.o(.text)
    TIM4_IRQHandler                          0x08002735   Thumb Code    42  timer.o(.text)
    TIM7_Int_Init                            0x0800275f   Thumb Code    88  timer.o(.text)
    TIM6_Int_Init                            0x080027b7   Thumb Code    88  timer.o(.text)
    TIM4_Int_Init                            0x0800280f   Thumb Code    88  timer.o(.text)
    IIC_delay                                0x08002885   Thumb Code    16  oled.o(.text)
    I2C_Stop                                 0x08002895   Thumb Code    32  oled.o(.text)
    I2C_WaitAck                              0x080028b5   Thumb Code    40  oled.o(.text)
    Send_Byte                                0x080028dd   Thumb Code    70  oled.o(.text)
    I2C_Start                                0x08002923   Thumb Code    48  oled.o(.text)
    OLED_WR_Byte                             0x08002953   Thumb Code    56  oled.o(.text)
    OLED_ColorTurn                           0x0800298b   Thumb Code    28  oled.o(.text)
    OLED_DisplayTurn                         0x080029a7   Thumb Code    44  oled.o(.text)
    OLED_DisPlay_On                          0x080029d3   Thumb Code    28  oled.o(.text)
    OLED_DisPlay_Off                         0x080029ef   Thumb Code    28  oled.o(.text)
    OLED_Refresh                             0x08002a0b   Thumb Code   100  oled.o(.text)
    OLED_Clear                               0x08002a6f   Thumb Code    42  oled.o(.text)
    OLED_DrawPoint                           0x08002a99   Thumb Code   114  oled.o(.text)
    OLED_DrawLine                            0x08002b0b   Thumb Code   170  oled.o(.text)
    OLED_DrawCircle                          0x08002bb5   Thumb Code   168  oled.o(.text)
    OLED_ShowChar                            0x08002c5d   Thumb Code   308  oled.o(.text)
    OLED_ShowString                          0x08002d91   Thumb Code    74  oled.o(.text)
    OLED_Pow                                 0x08002ddb   Thumb Code    22  oled.o(.text)
    OLED_ShowNum                             0x08002df1   Thumb Code   140  oled.o(.text)
    OLED_ShowChinese                         0x08002e7d   Thumb Code   240  oled.o(.text)
    OLED_ScrollDisplay                       0x08002f6d   Thumb Code   168  oled.o(.text)
    OLED_ShowPicture                         0x08003015   Thumb Code   248  oled.o(.text)
    OLED_Init                                0x0800310d   Thumb Code   346  oled.o(.text)
    strlen                                   0x0800326d   Thumb Code    14  strlen.o(.text)
    __aeabi_i2f                              0x0800327b   Thumb Code    18  fflti.o(.text)
    __aeabi_ui2f                             0x0800328d   Thumb Code    10  ffltui.o(.text)
    __aeabi_f2d                              0x08003297   Thumb Code    38  f2d.o(.text)
    __aeabi_uidiv                            0x080032bd   Thumb Code     0  uidiv.o(.text)
    __aeabi_uidivmod                         0x080032bd   Thumb Code    44  uidiv.o(.text)
    __aeabi_uldivmod                         0x080032e9   Thumb Code    98  uldiv.o(.text)
    __I$use$fp                               0x0800334b   Thumb Code     0  iusefp.o(.text)
    _float_round                             0x0800334b   Thumb Code    18  fepilogue.o(.text)
    _float_epilogue                          0x0800335d   Thumb Code    92  fepilogue.o(.text)
    __aeabi_dadd                             0x080033b9   Thumb Code   322  dadd.o(.text)
    __aeabi_dsub                             0x080034fb   Thumb Code     6  dadd.o(.text)
    __aeabi_drsub                            0x08003501   Thumb Code     6  dadd.o(.text)
    __aeabi_dmul                             0x08003507   Thumb Code   228  dmul.o(.text)
    __aeabi_ddiv                             0x080035eb   Thumb Code   222  ddiv.o(.text)
    __aeabi_d2ulz                            0x080036c9   Thumb Code    48  dfixul.o(.text)
    __aeabi_cdrcmple                         0x080036f9   Thumb Code    48  cdrcmple.o(.text)
    __scatterload                            0x08003729   Thumb Code    28  init.o(.text)
    __scatterload_rt2                        0x08003729   Thumb Code     0  init.o(.text)
    __aeabi_llsl                             0x0800374d   Thumb Code    30  llshl.o(.text)
    _ll_shift_l                              0x0800374d   Thumb Code     0  llshl.o(.text)
    __aeabi_llsr                             0x0800376b   Thumb Code    32  llushr.o(.text)
    _ll_ushift_r                             0x0800376b   Thumb Code     0  llushr.o(.text)
    __aeabi_lasr                             0x0800378b   Thumb Code    36  llsshr.o(.text)
    _ll_sshift_r                             0x0800378b   Thumb Code     0  llsshr.o(.text)
    _double_round                            0x080037af   Thumb Code    30  depilogue.o(.text)
    _double_epilogue                         0x080037cd   Thumb Code   156  depilogue.o(.text)
    __0sprintf                               0x08003869   Thumb Code    34  printfa.o(i.__0sprintf)
    __1sprintf                               0x08003869   Thumb Code     0  printfa.o(i.__0sprintf)
    __2sprintf                               0x08003869   Thumb Code     0  printfa.o(i.__0sprintf)
    __c89sprintf                             0x08003869   Thumb Code     0  printfa.o(i.__0sprintf)
    sprintf                                  0x08003869   Thumb Code     0  printfa.o(i.__0sprintf)
    __0vsprintf                              0x08003891   Thumb Code    30  printfa.o(i.__0vsprintf)
    __1vsprintf                              0x08003891   Thumb Code     0  printfa.o(i.__0vsprintf)
    __2vsprintf                              0x08003891   Thumb Code     0  printfa.o(i.__0vsprintf)
    __c89vsprintf                            0x08003891   Thumb Code     0  printfa.o(i.__0vsprintf)
    vsprintf                                 0x08003891   Thumb Code     0  printfa.o(i.__0vsprintf)
    __scatterload_copy                       0x080038b5   Thumb Code    14  handlers.o(i.__scatterload_copy)
    __scatterload_null                       0x080038c3   Thumb Code     2  handlers.o(i.__scatterload_null)
    __scatterload_zeroinit                   0x080038c5   Thumb Code    14  handlers.o(i.__scatterload_zeroinit)
    asc2_0806                                0x08004170   Data         552  oled.o(.constdata)
    asc2_1206                                0x08004398   Data        1140  oled.o(.constdata)
    asc2_1608                                0x0800480c   Data        1520  oled.o(.constdata)
    asc2_2412                                0x08004dfc   Data        3420  oled.o(.constdata)
    Hzk1                                     0x08005b58   Data         256  oled.o(.constdata)
    Hzk2                                     0x08005c58   Data          72  oled.o(.constdata)
    Hzk3                                     0x08005ca0   Data         128  oled.o(.constdata)
    Hzk4                                     0x08005d20   Data         512  oled.o(.constdata)
    Region$$Table$$Base                      0x08005f90   Number         0  anon$$obj.o(Region$$Table)
    Region$$Table$$Limit                     0x08005fb0   Number         0  anon$$obj.o(Region$$Table)
    SystemCoreClock                          0x2000001c   Data           4  system_stm32l1xx.o(.data)
    PLLMulTable                              0x20000020   Data           9  system_stm32l1xx.o(.data)
    AHBPrescTable                            0x20000029   Data          16  system_stm32l1xx.o(.data)
    flag                                     0x2000003a   Data           1  stm32l1xx_it.o(.data)
    capture                                  0x2000003c   Data           2  stm32l1xx_it.o(.data)
    USART1_RX_STA                            0x20000042   Data           2  usart1.o(.data)
    USART2_RX_STA                            0x20000044   Data           2  usart2.o(.data)
    USART3_RX_STA                            0x20000046   Data           2  usart3.o(.data)
    gpsx                                     0x2000004c   Data         105  main.o(.bss)
    lorax                                    0x200000b5   Data         105  main.o(.bss)
    buff1                                    0x2000011e   Data         600  main.o(.bss)
    buff2                                    0x20000376   Data         600  main.o(.bss)
    usart1_recdata                           0x200005ce   Data          12  main.o(.bss)
    dtbuf1                                   0x200005dc   Data          50  main.o(.bss)
    dtbuf2                                   0x20000610   Data          50  main.o(.bss)
    USART1_RX_BUF                            0x20000642   Data         600  usart1.o(.bss)
    USART1_TX_BUF                            0x2000089a   Data         600  usart1.o(.bss)
    USART2_RX_BUF                            0x20000af2   Data         600  usart2.o(.bss)
    USART2_TX_BUF                            0x20000d4a   Data         600  usart2.o(.bss)
    USART3_RX_BUF                            0x20000fa2   Data         600  usart3.o(.bss)
    USART3_TX_BUF                            0x200011fa   Data         600  usart3.o(.bss)
    LORA_RecData                             0x20001452   Data         600  lora.o(.bss)
    OLED_GRAM                                0x200016aa   Data        1152  oled.o(.bss)
    __initial_sp                             0x20001f30   Data           0  startup_stm32l1xx_md.o(STACK)



==============================================================================

Memory Map of the image

  Image Entry point : 0x080000f5

  Load Region LR_IROM1 (Base: 0x08000000, Size: 0x00005ffc, Max: 0x00010000, ABSOLUTE)

    Execution Region ER_IROM1 (Base: 0x08000000, Size: 0x00005fb0, Max: 0x00010000, ABSOLUTE)

    Base Addr    Size         Type   Attr      Idx    E Section Name        Object

    0x08000000   0x000000f4   Data   RO            3    RESET               startup_stm32l1xx_md.o
    0x080000f4   0x00000000   Code   RO          942  * .ARM.Collect$$$$00000000  mc_w.l(entry.o)
    0x080000f4   0x00000004   Code   RO         1224    .ARM.Collect$$$$00000001  mc_w.l(entry2.o)
    0x080000f8   0x00000004   Code   RO         1227    .ARM.Collect$$$$00000004  mc_w.l(entry5.o)
    0x080000fc   0x00000000   Code   RO         1229    .ARM.Collect$$$$00000008  mc_w.l(entry7b.o)
    0x080000fc   0x00000000   Code   RO         1231    .ARM.Collect$$$$0000000A  mc_w.l(entry8b.o)
    0x080000fc   0x00000008   Code   RO         1232    .ARM.Collect$$$$0000000B  mc_w.l(entry9a.o)
    0x08000104   0x00000000   Code   RO         1234    .ARM.Collect$$$$0000000D  mc_w.l(entry10a.o)
    0x08000104   0x00000000   Code   RO         1236    .ARM.Collect$$$$0000000F  mc_w.l(entry11a.o)
    0x08000104   0x00000004   Code   RO         1225    .ARM.Collect$$$$00002712  mc_w.l(entry2.o)
    0x08000108   0x00000024   Code   RO            4    .text               startup_stm32l1xx_md.o
    0x0800012c   0x000000e0   Code   RO           11    .text               misc.o
    0x0800020c   0x0000023c   Code   RO          263    .text               stm32l1xx_gpio.o
    0x08000448   0x00000490   Code   RO          377    .text               stm32l1xx_rcc.o
    0x080008d8   0x00000a0c   Code   RO          471    .text               stm32l1xx_tim.o
    0x080012e4   0x000003f8   Code   RO          490    .text               stm32l1xx_usart.o
    0x080016dc   0x0000054c   Code   RO          528    .text               main.o
    0x08001c28   0x00000254   Code   RO          615    .text               system_stm32l1xx.o
    0x08001e7c   0x0000004c   Code   RO          637    .text               stm32l1xx_it.o
    0x08001ec8   0x000000b0   Code   RO          660    .text               delay.o
    0x08001f78   0x0000005c   Code   RO          694    .text               led.o
    0x08001fd4   0x0000002e   Code   RO          710    .text               bsp.o
    0x08002002   0x00000002   PAD
    0x08002004   0x000001bc   Code   RO          726    .text               usart1.o
    0x080021c0   0x000001bc   Code   RO          757    .text               usart2.o
    0x0800237c   0x000001dc   Code   RO          781    .text               usart3.o
    0x08002558   0x0000009c   Code   RO          805    .text               key.o
    0x080025f4   0x000000ec   Code   RO          822    .text               lora.o
    0x080026e0   0x000001a4   Code   RO          876    .text               timer.o
    0x08002884   0x000009e8   Code   RO          897    .text               oled.o
    0x0800326c   0x0000000e   Code   RO          947    .text               mc_w.l(strlen.o)
    0x0800327a   0x00000012   Code   RO         1216    .text               mf_w.l(fflti.o)
    0x0800328c   0x0000000a   Code   RO         1218    .text               mf_w.l(ffltui.o)
    0x08003296   0x00000026   Code   RO         1222    .text               mf_w.l(f2d.o)
    0x080032bc   0x0000002c   Code   RO         1239    .text               mc_w.l(uidiv.o)
    0x080032e8   0x00000062   Code   RO         1241    .text               mc_w.l(uldiv.o)
    0x0800334a   0x00000000   Code   RO         1243    .text               mc_w.l(iusefp.o)
    0x0800334a   0x0000006e   Code   RO         1244    .text               mf_w.l(fepilogue.o)
    0x080033b8   0x0000014e   Code   RO         1246    .text               mf_w.l(dadd.o)
    0x08003506   0x000000e4   Code   RO         1248    .text               mf_w.l(dmul.o)
    0x080035ea   0x000000de   Code   RO         1250    .text               mf_w.l(ddiv.o)
    0x080036c8   0x00000030   Code   RO         1252    .text               mf_w.l(dfixul.o)
    0x080036f8   0x00000030   Code   RO         1254    .text               mf_w.l(cdrcmple.o)
    0x08003728   0x00000024   Code   RO         1256    .text               mc_w.l(init.o)
    0x0800374c   0x0000001e   Code   RO         1258    .text               mc_w.l(llshl.o)
    0x0800376a   0x00000020   Code   RO         1260    .text               mc_w.l(llushr.o)
    0x0800378a   0x00000024   Code   RO         1262    .text               mc_w.l(llsshr.o)
    0x080037ae   0x000000ba   Code   RO         1264    .text               mf_w.l(depilogue.o)
    0x08003868   0x00000028   Code   RO         1184    i.__0sprintf        mc_w.l(printfa.o)
    0x08003890   0x00000024   Code   RO         1188    i.__0vsprintf       mc_w.l(printfa.o)
    0x080038b4   0x0000000e   Code   RO         1268    i.__scatterload_copy  mc_w.l(handlers.o)
    0x080038c2   0x00000002   Code   RO         1269    i.__scatterload_null  mc_w.l(handlers.o)
    0x080038c4   0x0000000e   Code   RO         1270    i.__scatterload_zeroinit  mc_w.l(handlers.o)
    0x080038d2   0x00000002   PAD
    0x080038d4   0x00000164   Code   RO         1189    i._fp_digits        mc_w.l(printfa.o)
    0x08003a38   0x000006dc   Code   RO         1190    i._printf_core      mc_w.l(printfa.o)
    0x08004114   0x00000024   Code   RO         1191    i._printf_post_padding  mc_w.l(printfa.o)
    0x08004138   0x0000002e   Code   RO         1192    i._printf_pre_padding  mc_w.l(printfa.o)
    0x08004166   0x0000000a   Code   RO         1194    i._sputc            mc_w.l(printfa.o)
    0x08004170   0x00001db0   Data   RO          899    .constdata          oled.o
    0x08005f20   0x00000070   Data   RO          530    .conststring        main.o
    0x08005f90   0x00000020   Data   RO         1266    Region$$Table       anon$$obj.o


    Execution Region RW_IRAM1 (Base: 0x20000000, Size: 0x00001f30, Max: 0x00002800, ABSOLUTE)

    Base Addr    Size         Type   Attr      Idx    E Section Name        Object

    0x20000000   0x00000019   Data   RW          378    .data               stm32l1xx_rcc.o
    0x20000019   0x00000003   PAD
    0x2000001c   0x0000001d   Data   RW          616    .data               system_stm32l1xx.o
    0x20000039   0x00000001   PAD
    0x2000003a   0x00000004   Data   RW          638    .data               stm32l1xx_it.o
    0x2000003e   0x00000004   Data   RW          661    .data               delay.o
    0x20000042   0x00000002   Data   RW          728    .data               usart1.o
    0x20000044   0x00000002   Data   RW          759    .data               usart2.o
    0x20000046   0x00000002   Data   RW          783    .data               usart3.o
    0x20000048   0x00000001   Data   RW          806    .data               key.o
    0x20000049   0x00000003   PAD
    0x2000004c   0x000005f6   Zero   RW          529    .bss                main.o
    0x20000642   0x000004b0   Zero   RW          727    .bss                usart1.o
    0x20000af2   0x000004b0   Zero   RW          758    .bss                usart2.o
    0x20000fa2   0x000004b0   Zero   RW          782    .bss                usart3.o
    0x20001452   0x00000258   Zero   RW          823    .bss                lora.o
    0x200016aa   0x00000480   Zero   RW          898    .bss                oled.o
    0x20001b2a   0x00000006   PAD
    0x20001b30   0x00000400   Zero   RW            1    STACK               startup_stm32l1xx_md.o


==============================================================================

Image component sizes


      Code (inc. data)   RO Data    RW Data    ZI Data      Debug   Object Name

        46          0          0          0          0        515   bsp.o
       176          8          0          4          0       1163   delay.o
       156          8          0          1          0        996   key.o
        92          4          0          0          0        651   led.o
       236         26          0          0        600       1907   lora.o
      1356        268        112          0       1526       4894   main.o
       224         20          0          0          0     182789   misc.o
      2536         50       7600          0       1152       9075   oled.o
        36          8        244          0       1024        848   startup_stm32l1xx_md.o
         0          0          0          0          0       9184   stm32l1xx_adc.o
       572         32          0          0          0       9733   stm32l1xx_gpio.o
        76          6          0          4          0       1781   stm32l1xx_it.o
      1168         40          0         25          0       9665   stm32l1xx_rcc.o
      2572         32          0          0          0      37696   stm32l1xx_tim.o
      1016         20          0          0          0      13700   stm32l1xx_usart.o
       596         46          0         29          0       1935   system_stm32l1xx.o
       420         30          0          0          0       1692   timer.o
       444         26          0          2       1200       4146   usart1.o
       444         26          0          2       1200       2366   usart2.o
       476         22          0          2       1200       2596   usart3.o

    ----------------------------------------------------------------------
     12644        672       7988         76       7908     297332   Object Totals
         0          0         32          0          0          0   (incl. Generated)
         2          0          0          7          6          0   (incl. Padding)

    ----------------------------------------------------------------------

      Code (inc. data)   RO Data    RW Data    ZI Data      Debug   Library Member Name

         0          0          0          0          0          0   entry.o
         0          0          0          0          0          0   entry10a.o
         0          0          0          0          0          0   entry11a.o
         8          4          0          0          0          0   entry2.o
         4          0          0          0          0          0   entry5.o
         0          0          0          0          0          0   entry7b.o
         0          0          0          0          0          0   entry8b.o
         8          4          0          0          0          0   entry9a.o
        30          0          0          0          0          0   handlers.o
        36          8          0          0          0         68   init.o
         0          0          0          0          0          0   iusefp.o
        30          0          0          0          0         68   llshl.o
        36          0          0          0          0         68   llsshr.o
        32          0          0          0          0         68   llushr.o
      2280         92          0          0          0        592   printfa.o
        14          0          0          0          0         68   strlen.o
        44          0          0          0          0         80   uidiv.o
        98          0          0          0          0         92   uldiv.o
        48          0          0          0          0         68   cdrcmple.o
       334          0          0          0          0        148   dadd.o
       222          0          0          0          0        100   ddiv.o
       186          0          0          0          0        176   depilogue.o
        48          0          0          0          0         68   dfixul.o
       228          0          0          0          0         96   dmul.o
        38          0          0          0          0         68   f2d.o
       110          0          0          0          0        168   fepilogue.o
        18          0          0          0          0         68   fflti.o
        10          0          0          0          0         68   ffltui.o

    ----------------------------------------------------------------------
      3864        108          0          0          0       2132   Library Totals
         2          0          0          0          0          0   (incl. Padding)

    ----------------------------------------------------------------------

      Code (inc. data)   RO Data    RW Data    ZI Data      Debug   Library Name

      2620        108          0          0          0       1104   mc_w.l
      1242          0          0          0          0       1028   mf_w.l

    ----------------------------------------------------------------------
      3864        108          0          0          0       2132   Library Totals

    ----------------------------------------------------------------------

==============================================================================


      Code (inc. data)   RO Data    RW Data    ZI Data      Debug   

     16508        780       7988         76       7908     297172   Grand Totals
     16508        780       7988         76       7908     297172   ELF Image Totals
     16508        780       7988         76          0          0   ROM Totals

==============================================================================

    Total RO  Size (Code + RO Data)                24496 (  23.92kB)
    Total RW  Size (RW Data + ZI Data)              7984 (   7.80kB)
    Total ROM Size (Code + RO Data + RW Data)      24572 (  24.00kB)

==============================================================================

