<html>
<body>
<pre>
<h1>µVision Build Log</h1>
<h2>Tool Versions:</h2>
IDE-Version: ¦ÌVision V5.14.0.0
Copyright (C) 2015 ARM Ltd and ARM Germany GmbH. All rights reserved.
License Information: xie qinan, hangzhou, LIC=585II-THR9U-X7ZRZ-J47WN-ZVPY5-7K1T4
 
Tool Versions:
Toolchain:       MDK-ARM Standard  Version: 5.14.0.0
Toolchain Path:  E:\MyCompiler\Keil5\ARM\ARMCC\Bin
C Compiler:      Armcc.exe V5.05 update 1 (build 106)
Assembler:       Armasm.exe V5.05 update 1 (build 106)
Linker/Locator:  ArmLink.exe V5.05 update 1 (build 106)
Library Manager: ArmAr.exe V5.05 update 1 (build 106)
Hex Converter:   FromElf.exe V5.05 update 1 (build 106)
CPU DLL:         SARMCM3.DLL V5.14.0.0
Dialog DLL:      DCM.DLL V1.13.1.0
Target DLL:      STLink\ST-LINKIII-KEIL_SWO.dll V2.0.14.0_KEIL
Dialog DLL:      TCM.DLL V1.14.4.0
 
<h2>Project:</h2>
D:\CodeWarehouse\STM32\F1Space\Lora\V1\0 STM32L151_´úÂë\Project\STM32L1_Project.uvprojx
Project File Date:  11/10/2020

<h2>Output:</h2>
Build target 'UART'
compiling main.c...
linking...
Program Size: Code=12560 RO-data=276 RW-data=76 ZI-data=5228  
FromELF: creating hex file...
"..\Output\STM32L1_Project.axf" - 0 Error(s), 0 Warning(s).

<h2>Collection of Component include folders:</h2>
  D:\CodeWarehouse\STM32\F1Space\Lora\V1\0 STM32L151_´úÂë\Project\RTE
  E:\MyCompiler\Keil5\ARM\PACK\Keil\STM32L1xx_DFP\1.0.2\Device\Include

<h2>Collection of Component Files used:</h2>
</pre>
</body>
</html>
