<html>
<body>
<pre>
<h1>礦ision Build Log</h1>
<h2>Tool Versions:</h2>
IDE-Version: μVision V5.14.0.0
Copyright (C) 2015 ARM Ltd and ARM Germany GmbH. All rights reserved.
License Information: 4524 zmk, 5364, LIC=TA3WF-635EU-SEFH0-BJ9V7-ZFP8W-SJI25
 
Tool Versions:
Toolchain:       MDK-ARM Professional  Version: 5.14.0.0
Toolchain Path:  D:\MDK5\ARM\ARMCC\Bin
C Compiler:      Armcc.exe V5.05 update 1 (build 106)
Assembler:       Armasm.exe V5.05 update 1 (build 106)
Linker/Locator:  ArmLink.exe V5.05 update 1 (build 106)
Library Manager: ArmAr.exe V5.05 update 1 (build 106)
Hex Converter:   FromElf.exe V5.05 update 1 (build 106)
CPU DLL:         SARMCM3.DLL V5.14.0.0
Dialog DLL:      DCM.DLL V1.13.1.0
Target DLL:      STLink\ST-LINKIII-KEIL_SWO.dll V2.0.14.0_KEIL
Dialog DLL:      TCM.DLL V1.14.4.0
 
<h2>Project:</h2>
C:\Users\dell\Desktop\任务\LoRa组网发文件（官学长）\5 1板代码(first change)\Project\STM32L1_Project.uvprojx
Project File Date:  09/17/2020

<h2>Output:</h2>
Rebuild target 'UART'
assembling startup_stm32l1xx_md.s...
compiling misc.c...
compiling stm32l1xx_adc.c...
compiling stm32l1xx_aes.c...
compiling stm32l1xx_aes_util.c...
compiling stm32l1xx_comp.c...
compiling stm32l1xx_crc.c...
compiling stm32l1xx_dac.c...
compiling stm32l1xx_dbgmcu.c...
compiling stm32l1xx_dma.c...
compiling stm32l1xx_exti.c...
compiling stm32l1xx_flash.c...
compiling stm32l1xx_fsmc.c...
compiling stm32l1xx_gpio.c...
compiling stm32l1xx_i2c.c...
compiling stm32l1xx_iwdg.c...
compiling stm32l1xx_lcd.c...
compiling stm32l1xx_opamp.c...
compiling stm32l1xx_pwr.c...
compiling stm32l1xx_rcc.c...
compiling stm32l1xx_rtc.c...
compiling stm32l1xx_sdio.c...
compiling stm32l1xx_spi.c...
compiling stm32l1xx_syscfg.c...
compiling stm32l1xx_tim.c...
compiling stm32l1xx_usart.c...
compiling stm32l1xx_wwdg.c...
compiling main.c...
..\Driver\key\key.h(17): warning:  #1295-D: Deprecated declaration KEY - give arg types
  u8 KEY();
..\main\main.c(18): warning:  #550-D: variable "speed" was set but never used
        float longitude,latitude,altitude,speed;
..\main\main.c(40): warning:  #550-D: variable "lora_speed" was set but never used
        float lora_longitude,lora_latitude,lora_altitude,lora_speed;
..\main\main.c(73): warning:  #167-D: argument of type "char *" is incompatible with parameter of type "uint8_t *"
        USART2_OUT(USART2,buff2,sizeof(buff2));
..\main\main.c(78): warning:  #177-D: variable "key" was declared but never referenced
        u8 key;
..\main\main.c: 5 warnings, 0 errors
compiling system_stm32l1xx.c...
compiling stm32l1xx_it.c...
compiling delay.c...
compiling sys.c...
compiling led.c...
compiling bsp.c...
..\Driver\key\key.h(17): warning:  #1295-D: Deprecated declaration KEY - give arg types
  u8 KEY();
..\Driver\bsp\bsp.c: 1 warning, 0 errors
compiling usart1.c...
compiling usart2.c...
compiling usart3.c...
compiling key.c...
..\Driver\key\key.h(17): warning:  #1295-D: Deprecated declaration KEY - give arg types
  u8 KEY();
..\Driver\key\key.c(47): warning:  #940-D: missing return statement at end of non-void function "KEY"
  }
..\Driver\key\key.c: 2 warnings, 0 errors
compiling lora.c...
compiling gps.c...
compiling timer.c...
compiling oled.c...
compiling bluetooth.c...
linking...
Program Size: Code=16184 RO-data=7988 RW-data=72 ZI-data=9696  
FromELF: creating hex file...
"..\Output\STM32L1_Project.axf" - 0 Error(s), 8 Warning(s).

<h2>Collection of Component include folders:</h2>
  C:\Users\dell\Desktop\任务\LoRa组网发文件（官学长）\5 1板代码(first change)\Project\RTE
  D:\MDK5\Keil\STM32L1xx_DFP\1.2.0

<h2>Collection of Component Files used:</h2>
</pre>
</body>
</html>
